Archive member included to satisfy reference by file (symbol)

c:/program files (x86)/atmel/studio/7.0/toolchain/avr8/avr8-gnu-toolchain/bin/../lib/gcc/avr/5.4.0/avrxmega3\libgcc.a(_divmodhi4.o)
                              dataprep.o (__divmodhi4)
c:/program files (x86)/atmel/studio/7.0/toolchain/avr8/avr8-gnu-toolchain/bin/../lib/gcc/avr/5.4.0/avrxmega3\libgcc.a(_udivmodsi4.o)
                              ATMegaXX09/ATMegaXX09Clock.o (__udivmodsi4)
c:/program files (x86)/atmel/studio/7.0/toolchain/avr8/avr8-gnu-toolchain/bin/../lib/gcc/avr/5.4.0/avrxmega3\libgcc.a(_exit.o)
                              C:/Program Files (x86)/Atmel/Studio/7.0/Packs/Atmel/ATmega_DFP/1.7.374/gcc/dev/atmega4808/avrxmega3/crtatmega4808.o (exit)
c:/program files (x86)/atmel/studio/7.0/toolchain/avr8/avr8-gnu-toolchain/bin/../lib/gcc/avr/5.4.0/avrxmega3\libgcc.a(_tablejump2.o)
                              ATMegaXX09/ATMegaXX09Clock.o (__tablejump2__)
c:/program files (x86)/atmel/studio/7.0/toolchain/avr8/avr8-gnu-toolchain/bin/../lib/gcc/avr/5.4.0/avrxmega3\libgcc.a(_copy_data.o)
                              ATMegaXX09/USART/USART.o (__do_copy_data)
c:/program files (x86)/atmel/studio/7.0/toolchain/avr8/avr8-gnu-toolchain/bin/../lib/gcc/avr/5.4.0/avrxmega3\libgcc.a(_clear_bss.o)
                              ATMegaXX09/ATMegaXX09Clock.o (__do_clear_bss)
c:/program files (x86)/atmel/studio/7.0/toolchain/avr8/avr8-gnu-toolchain/bin/../lib/gcc/avr/5.4.0/avrxmega3\libgcc.a(_umulhisi3.o)
                              main.o (__umulhisi3)
c:/program files (x86)/atmel/studio/7.0/toolchain/avr8/avr8-gnu-toolchain/bin/../lib/gcc/avr/5.4.0/avrxmega3\libgcc.a(_udivmodhi4.o)
                              c:/program files (x86)/atmel/studio/7.0/toolchain/avr8/avr8-gnu-toolchain/bin/../lib/gcc/avr/5.4.0/avrxmega3\libgcc.a(_divmodhi4.o) (__udivmodhi4)
c:/program files (x86)/atmel/studio/7.0/toolchain/avr8/avr8-gnu-toolchain/bin/../lib/gcc/avr/5.4.0/../../../../avr/lib/avrxmega3\libc.a(malloc.o)
                              ATMegaXX09/USART/USART.o (malloc)
c:/program files (x86)/atmel/studio/7.0/toolchain/avr8/avr8-gnu-toolchain/bin/../lib/gcc/avr/5.4.0/../../../../avr/lib/avrxmega3\libc.a(memcpy.o)
                              ATMegaXX09/FIFO/FIFO.o (memcpy)

Allocating common symbols
Common symbol       size              file

__brkval            0x2               c:/program files (x86)/atmel/studio/7.0/toolchain/avr8/avr8-gnu-toolchain/bin/../lib/gcc/avr/5.4.0/../../../../avr/lib/avrxmega3\libc.a(malloc.o)
obj_p               0x2               timerUnit.o
counter             0x8               timerUnit.o
__flp               0x2               c:/program files (x86)/atmel/studio/7.0/toolchain/avr8/avr8-gnu-toolchain/bin/../lib/gcc/avr/5.4.0/../../../../avr/lib/avrxmega3\libc.a(malloc.o)

Discarded input sections

 .data          0x00000000        0x0 C:/Program Files (x86)/Atmel/Studio/7.0/Packs/Atmel/ATmega_DFP/1.7.374/gcc/dev/atmega4808/avrxmega3/crtatmega4808.o
 .bss           0x00000000        0x0 C:/Program Files (x86)/Atmel/Studio/7.0/Packs/Atmel/ATmega_DFP/1.7.374/gcc/dev/atmega4808/avrxmega3/crtatmega4808.o
 .text          0x00000000        0x0 ATMegaXX09/ATMegaXX09Clock.o
 .data          0x00000000        0x0 ATMegaXX09/ATMegaXX09Clock.o
 .bss           0x00000000        0x0 ATMegaXX09/ATMegaXX09Clock.o
 .text          0x00000000        0x0 ATMegaXX09/FIFO/FIFO.o
 .data          0x00000000        0x0 ATMegaXX09/FIFO/FIFO.o
 .bss           0x00000000        0x0 ATMegaXX09/FIFO/FIFO.o
 .text.init_FIFO
                0x00000000       0x14 ATMegaXX09/FIFO/FIFO.o
 .text          0x00000000        0x0 ATMegaXX09/Port/Port.o
 .data          0x00000000        0x0 ATMegaXX09/Port/Port.o
 .bss           0x00000000        0x0 ATMegaXX09/Port/Port.o
 .debug_line    0x00000000        0x0 ATMegaXX09/Port/Port.o
 .debug_str     0x00000000      0x112 ATMegaXX09/Port/Port.o
 .comment       0x00000000       0x31 ATMegaXX09/Port/Port.o
 .text          0x00000000        0x0 ATMegaXX09/USART/USART.o
 .data          0x00000000        0x0 ATMegaXX09/USART/USART.o
 .bss           0x00000000        0x0 ATMegaXX09/USART/USART.o
 .text.USART_DeInit
                0x00000000       0x74 ATMegaXX09/USART/USART.o
 .text.USART_RXC_Byte
                0x00000000       0xc4 ATMegaXX09/USART/USART.o
 .text.USART_TXC_Byte
                0x00000000      0x108 ATMegaXX09/USART/USART.o
 .text.USART_receive_Array
                0x00000000       0x9c ATMegaXX09/USART/USART.o
 .text.USART_get_RXeventID
                0x00000000       0x14 ATMegaXX09/USART/USART.o
 .text.USART_get_TXeventID
                0x00000000       0x14 ATMegaXX09/USART/USART.o
 .text          0x00000000        0x0 dataprep.o
 .data          0x00000000        0x0 dataprep.o
 .bss           0x00000000        0x0 dataprep.o
 .text.bytes_to_values
                0x00000000       0x56 dataprep.o
 .text.round_values
                0x00000000       0x4c dataprep.o
 .text.cm_to_m  0x00000000       0x40 dataprep.o
 .debug_info    0x00000000      0x212 dataprep.o
 .debug_abbrev  0x00000000       0xeb dataprep.o
 .debug_loc     0x00000000      0x31f dataprep.o
 .debug_aranges
                0x00000000       0x30 dataprep.o
 .debug_ranges  0x00000000       0x50 dataprep.o
 .debug_line    0x00000000      0x183 dataprep.o
 .debug_str     0x00000000      0x265 dataprep.o
 .comment       0x00000000       0x31 dataprep.o
 .debug_frame   0x00000000       0x78 dataprep.o
 .text          0x00000000        0x0 main.o
 .data          0x00000000        0x0 main.o
 .bss           0x00000000        0x0 main.o
 .text.checksumCrc16
                0x00000000       0x7e main.o
 .text.CRC8     0x00000000       0x34 main.o
 .text          0x00000000        0x0 lockList.o
 .data          0x00000000        0x0 lockList.o
 .bss           0x00000000        0x0 lockList.o
 .bss.usart1Lock
                0x00000000        0x2 lockList.o
 .debug_info    0x00000000       0xaa lockList.o
 .debug_abbrev  0x00000000       0x7c lockList.o
 .debug_aranges
                0x00000000       0x18 lockList.o
 .debug_line    0x00000000       0x99 lockList.o
 .debug_str     0x00000000      0x193 lockList.o
 .comment       0x00000000       0x31 lockList.o
 .text          0x00000000        0x0 slaveDevice.o
 .data          0x00000000        0x0 slaveDevice.o
 .bss           0x00000000        0x0 slaveDevice.o
 .text.deinitDev
                0x00000000       0x3c slaveDevice.o
 .text          0x00000000        0x0 timerUnit.o
 .data          0x00000000        0x0 timerUnit.o
 .bss           0x00000000        0x0 timerUnit.o
 .text.waitCycle
                0x00000000       0x1e timerUnit.o
 .text          0x00000000        0x0 c:/program files (x86)/atmel/studio/7.0/toolchain/avr8/avr8-gnu-toolchain/bin/../lib/gcc/avr/5.4.0/avrxmega3\libgcc.a(_divmodhi4.o)
 .data          0x00000000        0x0 c:/program files (x86)/atmel/studio/7.0/toolchain/avr8/avr8-gnu-toolchain/bin/../lib/gcc/avr/5.4.0/avrxmega3\libgcc.a(_divmodhi4.o)
 .bss           0x00000000        0x0 c:/program files (x86)/atmel/studio/7.0/toolchain/avr8/avr8-gnu-toolchain/bin/../lib/gcc/avr/5.4.0/avrxmega3\libgcc.a(_divmodhi4.o)
 .text.libgcc.mul
                0x00000000        0x0 c:/program files (x86)/atmel/studio/7.0/toolchain/avr8/avr8-gnu-toolchain/bin/../lib/gcc/avr/5.4.0/avrxmega3\libgcc.a(_divmodhi4.o)
 .text.libgcc.div
                0x00000000       0x28 c:/program files (x86)/atmel/studio/7.0/toolchain/avr8/avr8-gnu-toolchain/bin/../lib/gcc/avr/5.4.0/avrxmega3\libgcc.a(_divmodhi4.o)
 .text.libgcc   0x00000000        0x0 c:/program files (x86)/atmel/studio/7.0/toolchain/avr8/avr8-gnu-toolchain/bin/../lib/gcc/avr/5.4.0/avrxmega3\libgcc.a(_divmodhi4.o)
 .text.libgcc.prologue
                0x00000000        0x0 c:/program files (x86)/atmel/studio/7.0/toolchain/avr8/avr8-gnu-toolchain/bin/../lib/gcc/avr/5.4.0/avrxmega3\libgcc.a(_divmodhi4.o)
 .text.libgcc.builtins
                0x00000000        0x0 c:/program files (x86)/atmel/studio/7.0/toolchain/avr8/avr8-gnu-toolchain/bin/../lib/gcc/avr/5.4.0/avrxmega3\libgcc.a(_divmodhi4.o)
 .text.libgcc.fmul
                0x00000000        0x0 c:/program files (x86)/atmel/studio/7.0/toolchain/avr8/avr8-gnu-toolchain/bin/../lib/gcc/avr/5.4.0/avrxmega3\libgcc.a(_divmodhi4.o)
 .text.libgcc.fixed
                0x00000000        0x0 c:/program files (x86)/atmel/studio/7.0/toolchain/avr8/avr8-gnu-toolchain/bin/../lib/gcc/avr/5.4.0/avrxmega3\libgcc.a(_divmodhi4.o)
 .text          0x00000000        0x0 c:/program files (x86)/atmel/studio/7.0/toolchain/avr8/avr8-gnu-toolchain/bin/../lib/gcc/avr/5.4.0/avrxmega3\libgcc.a(_udivmodsi4.o)
 .data          0x00000000        0x0 c:/program files (x86)/atmel/studio/7.0/toolchain/avr8/avr8-gnu-toolchain/bin/../lib/gcc/avr/5.4.0/avrxmega3\libgcc.a(_udivmodsi4.o)
 .bss           0x00000000        0x0 c:/program files (x86)/atmel/studio/7.0/toolchain/avr8/avr8-gnu-toolchain/bin/../lib/gcc/avr/5.4.0/avrxmega3\libgcc.a(_udivmodsi4.o)
 .text.libgcc.mul
                0x00000000        0x0 c:/program files (x86)/atmel/studio/7.0/toolchain/avr8/avr8-gnu-toolchain/bin/../lib/gcc/avr/5.4.0/avrxmega3\libgcc.a(_udivmodsi4.o)
 .text.libgcc   0x00000000        0x0 c:/program files (x86)/atmel/studio/7.0/toolchain/avr8/avr8-gnu-toolchain/bin/../lib/gcc/avr/5.4.0/avrxmega3\libgcc.a(_udivmodsi4.o)
 .text.libgcc.prologue
                0x00000000        0x0 c:/program files (x86)/atmel/studio/7.0/toolchain/avr8/avr8-gnu-toolchain/bin/../lib/gcc/avr/5.4.0/avrxmega3\libgcc.a(_udivmodsi4.o)
 .text.libgcc.builtins
                0x00000000        0x0 c:/program files (x86)/atmel/studio/7.0/toolchain/avr8/avr8-gnu-toolchain/bin/../lib/gcc/avr/5.4.0/avrxmega3\libgcc.a(_udivmodsi4.o)
 .text.libgcc.fmul
                0x00000000        0x0 c:/program files (x86)/atmel/studio/7.0/toolchain/avr8/avr8-gnu-toolchain/bin/../lib/gcc/avr/5.4.0/avrxmega3\libgcc.a(_udivmodsi4.o)
 .text.libgcc.fixed
                0x00000000        0x0 c:/program files (x86)/atmel/studio/7.0/toolchain/avr8/avr8-gnu-toolchain/bin/../lib/gcc/avr/5.4.0/avrxmega3\libgcc.a(_udivmodsi4.o)
 .text          0x00000000        0x0 c:/program files (x86)/atmel/studio/7.0/toolchain/avr8/avr8-gnu-toolchain/bin/../lib/gcc/avr/5.4.0/avrxmega3\libgcc.a(_exit.o)
 .data          0x00000000        0x0 c:/program files (x86)/atmel/studio/7.0/toolchain/avr8/avr8-gnu-toolchain/bin/../lib/gcc/avr/5.4.0/avrxmega3\libgcc.a(_exit.o)
 .bss           0x00000000        0x0 c:/program files (x86)/atmel/studio/7.0/toolchain/avr8/avr8-gnu-toolchain/bin/../lib/gcc/avr/5.4.0/avrxmega3\libgcc.a(_exit.o)
 .text.libgcc.mul
                0x00000000        0x0 c:/program files (x86)/atmel/studio/7.0/toolchain/avr8/avr8-gnu-toolchain/bin/../lib/gcc/avr/5.4.0/avrxmega3\libgcc.a(_exit.o)
 .text.libgcc.div
                0x00000000        0x0 c:/program files (x86)/atmel/studio/7.0/toolchain/avr8/avr8-gnu-toolchain/bin/../lib/gcc/avr/5.4.0/avrxmega3\libgcc.a(_exit.o)
 .text.libgcc   0x00000000        0x0 c:/program files (x86)/atmel/studio/7.0/toolchain/avr8/avr8-gnu-toolchain/bin/../lib/gcc/avr/5.4.0/avrxmega3\libgcc.a(_exit.o)
 .text.libgcc.prologue
                0x00000000        0x0 c:/program files (x86)/atmel/studio/7.0/toolchain/avr8/avr8-gnu-toolchain/bin/../lib/gcc/avr/5.4.0/avrxmega3\libgcc.a(_exit.o)
 .text.libgcc.builtins
                0x00000000        0x0 c:/program files (x86)/atmel/studio/7.0/toolchain/avr8/avr8-gnu-toolchain/bin/../lib/gcc/avr/5.4.0/avrxmega3\libgcc.a(_exit.o)
 .text.libgcc.fmul
                0x00000000        0x0 c:/program files (x86)/atmel/studio/7.0/toolchain/avr8/avr8-gnu-toolchain/bin/../lib/gcc/avr/5.4.0/avrxmega3\libgcc.a(_exit.o)
 .text.libgcc.fixed
                0x00000000        0x0 c:/program files (x86)/atmel/studio/7.0/toolchain/avr8/avr8-gnu-toolchain/bin/../lib/gcc/avr/5.4.0/avrxmega3\libgcc.a(_exit.o)
 .text          0x00000000        0x0 c:/program files (x86)/atmel/studio/7.0/toolchain/avr8/avr8-gnu-toolchain/bin/../lib/gcc/avr/5.4.0/avrxmega3\libgcc.a(_tablejump2.o)
 .data          0x00000000        0x0 c:/program files (x86)/atmel/studio/7.0/toolchain/avr8/avr8-gnu-toolchain/bin/../lib/gcc/avr/5.4.0/avrxmega3\libgcc.a(_tablejump2.o)
 .bss           0x00000000        0x0 c:/program files (x86)/atmel/studio/7.0/toolchain/avr8/avr8-gnu-toolchain/bin/../lib/gcc/avr/5.4.0/avrxmega3\libgcc.a(_tablejump2.o)
 .text.libgcc.mul
                0x00000000        0x0 c:/program files (x86)/atmel/studio/7.0/toolchain/avr8/avr8-gnu-toolchain/bin/../lib/gcc/avr/5.4.0/avrxmega3\libgcc.a(_tablejump2.o)
 .text.libgcc.div
                0x00000000        0x0 c:/program files (x86)/atmel/studio/7.0/toolchain/avr8/avr8-gnu-toolchain/bin/../lib/gcc/avr/5.4.0/avrxmega3\libgcc.a(_tablejump2.o)
 .text.libgcc.prologue
                0x00000000        0x0 c:/program files (x86)/atmel/studio/7.0/toolchain/avr8/avr8-gnu-toolchain/bin/../lib/gcc/avr/5.4.0/avrxmega3\libgcc.a(_tablejump2.o)
 .text.libgcc.builtins
                0x00000000        0x0 c:/program files (x86)/atmel/studio/7.0/toolchain/avr8/avr8-gnu-toolchain/bin/../lib/gcc/avr/5.4.0/avrxmega3\libgcc.a(_tablejump2.o)
 .text.libgcc.fmul
                0x00000000        0x0 c:/program files (x86)/atmel/studio/7.0/toolchain/avr8/avr8-gnu-toolchain/bin/../lib/gcc/avr/5.4.0/avrxmega3\libgcc.a(_tablejump2.o)
 .text.libgcc.fixed
                0x00000000        0x0 c:/program files (x86)/atmel/studio/7.0/toolchain/avr8/avr8-gnu-toolchain/bin/../lib/gcc/avr/5.4.0/avrxmega3\libgcc.a(_tablejump2.o)
 .text          0x00000000        0x0 c:/program files (x86)/atmel/studio/7.0/toolchain/avr8/avr8-gnu-toolchain/bin/../lib/gcc/avr/5.4.0/avrxmega3\libgcc.a(_copy_data.o)
 .data          0x00000000        0x0 c:/program files (x86)/atmel/studio/7.0/toolchain/avr8/avr8-gnu-toolchain/bin/../lib/gcc/avr/5.4.0/avrxmega3\libgcc.a(_copy_data.o)
 .bss           0x00000000        0x0 c:/program files (x86)/atmel/studio/7.0/toolchain/avr8/avr8-gnu-toolchain/bin/../lib/gcc/avr/5.4.0/avrxmega3\libgcc.a(_copy_data.o)
 .text.libgcc.mul
                0x00000000        0x0 c:/program files (x86)/atmel/studio/7.0/toolchain/avr8/avr8-gnu-toolchain/bin/../lib/gcc/avr/5.4.0/avrxmega3\libgcc.a(_copy_data.o)
 .text.libgcc.div
                0x00000000        0x0 c:/program files (x86)/atmel/studio/7.0/toolchain/avr8/avr8-gnu-toolchain/bin/../lib/gcc/avr/5.4.0/avrxmega3\libgcc.a(_copy_data.o)
 .text.libgcc   0x00000000        0x0 c:/program files (x86)/atmel/studio/7.0/toolchain/avr8/avr8-gnu-toolchain/bin/../lib/gcc/avr/5.4.0/avrxmega3\libgcc.a(_copy_data.o)
 .text.libgcc.prologue
                0x00000000        0x0 c:/program files (x86)/atmel/studio/7.0/toolchain/avr8/avr8-gnu-toolchain/bin/../lib/gcc/avr/5.4.0/avrxmega3\libgcc.a(_copy_data.o)
 .text.libgcc.builtins
                0x00000000        0x0 c:/program files (x86)/atmel/studio/7.0/toolchain/avr8/avr8-gnu-toolchain/bin/../lib/gcc/avr/5.4.0/avrxmega3\libgcc.a(_copy_data.o)
 .text.libgcc.fmul
                0x00000000        0x0 c:/program files (x86)/atmel/studio/7.0/toolchain/avr8/avr8-gnu-toolchain/bin/../lib/gcc/avr/5.4.0/avrxmega3\libgcc.a(_copy_data.o)
 .text.libgcc.fixed
                0x00000000        0x0 c:/program files (x86)/atmel/studio/7.0/toolchain/avr8/avr8-gnu-toolchain/bin/../lib/gcc/avr/5.4.0/avrxmega3\libgcc.a(_copy_data.o)
 .text          0x00000000        0x0 c:/program files (x86)/atmel/studio/7.0/toolchain/avr8/avr8-gnu-toolchain/bin/../lib/gcc/avr/5.4.0/avrxmega3\libgcc.a(_clear_bss.o)
 .data          0x00000000        0x0 c:/program files (x86)/atmel/studio/7.0/toolchain/avr8/avr8-gnu-toolchain/bin/../lib/gcc/avr/5.4.0/avrxmega3\libgcc.a(_clear_bss.o)
 .bss           0x00000000        0x0 c:/program files (x86)/atmel/studio/7.0/toolchain/avr8/avr8-gnu-toolchain/bin/../lib/gcc/avr/5.4.0/avrxmega3\libgcc.a(_clear_bss.o)
 .text.libgcc.mul
                0x00000000        0x0 c:/program files (x86)/atmel/studio/7.0/toolchain/avr8/avr8-gnu-toolchain/bin/../lib/gcc/avr/5.4.0/avrxmega3\libgcc.a(_clear_bss.o)
 .text.libgcc.div
                0x00000000        0x0 c:/program files (x86)/atmel/studio/7.0/toolchain/avr8/avr8-gnu-toolchain/bin/../lib/gcc/avr/5.4.0/avrxmega3\libgcc.a(_clear_bss.o)
 .text.libgcc   0x00000000        0x0 c:/program files (x86)/atmel/studio/7.0/toolchain/avr8/avr8-gnu-toolchain/bin/../lib/gcc/avr/5.4.0/avrxmega3\libgcc.a(_clear_bss.o)
 .text.libgcc.prologue
                0x00000000        0x0 c:/program files (x86)/atmel/studio/7.0/toolchain/avr8/avr8-gnu-toolchain/bin/../lib/gcc/avr/5.4.0/avrxmega3\libgcc.a(_clear_bss.o)
 .text.libgcc.builtins
                0x00000000        0x0 c:/program files (x86)/atmel/studio/7.0/toolchain/avr8/avr8-gnu-toolchain/bin/../lib/gcc/avr/5.4.0/avrxmega3\libgcc.a(_clear_bss.o)
 .text.libgcc.fmul
                0x00000000        0x0 c:/program files (x86)/atmel/studio/7.0/toolchain/avr8/avr8-gnu-toolchain/bin/../lib/gcc/avr/5.4.0/avrxmega3\libgcc.a(_clear_bss.o)
 .text.libgcc.fixed
                0x00000000        0x0 c:/program files (x86)/atmel/studio/7.0/toolchain/avr8/avr8-gnu-toolchain/bin/../lib/gcc/avr/5.4.0/avrxmega3\libgcc.a(_clear_bss.o)
 .text          0x00000000        0x0 c:/program files (x86)/atmel/studio/7.0/toolchain/avr8/avr8-gnu-toolchain/bin/../lib/gcc/avr/5.4.0/avrxmega3\libgcc.a(_umulhisi3.o)
 .data          0x00000000        0x0 c:/program files (x86)/atmel/studio/7.0/toolchain/avr8/avr8-gnu-toolchain/bin/../lib/gcc/avr/5.4.0/avrxmega3\libgcc.a(_umulhisi3.o)
 .bss           0x00000000        0x0 c:/program files (x86)/atmel/studio/7.0/toolchain/avr8/avr8-gnu-toolchain/bin/../lib/gcc/avr/5.4.0/avrxmega3\libgcc.a(_umulhisi3.o)
 .text.libgcc.div
                0x00000000        0x0 c:/program files (x86)/atmel/studio/7.0/toolchain/avr8/avr8-gnu-toolchain/bin/../lib/gcc/avr/5.4.0/avrxmega3\libgcc.a(_umulhisi3.o)
 .text.libgcc   0x00000000        0x0 c:/program files (x86)/atmel/studio/7.0/toolchain/avr8/avr8-gnu-toolchain/bin/../lib/gcc/avr/5.4.0/avrxmega3\libgcc.a(_umulhisi3.o)
 .text.libgcc.prologue
                0x00000000        0x0 c:/program files (x86)/atmel/studio/7.0/toolchain/avr8/avr8-gnu-toolchain/bin/../lib/gcc/avr/5.4.0/avrxmega3\libgcc.a(_umulhisi3.o)
 .text.libgcc.builtins
                0x00000000        0x0 c:/program files (x86)/atmel/studio/7.0/toolchain/avr8/avr8-gnu-toolchain/bin/../lib/gcc/avr/5.4.0/avrxmega3\libgcc.a(_umulhisi3.o)
 .text.libgcc.fmul
                0x00000000        0x0 c:/program files (x86)/atmel/studio/7.0/toolchain/avr8/avr8-gnu-toolchain/bin/../lib/gcc/avr/5.4.0/avrxmega3\libgcc.a(_umulhisi3.o)
 .text.libgcc.fixed
                0x00000000        0x0 c:/program files (x86)/atmel/studio/7.0/toolchain/avr8/avr8-gnu-toolchain/bin/../lib/gcc/avr/5.4.0/avrxmega3\libgcc.a(_umulhisi3.o)
 .text          0x00000000        0x0 c:/program files (x86)/atmel/studio/7.0/toolchain/avr8/avr8-gnu-toolchain/bin/../lib/gcc/avr/5.4.0/avrxmega3\libgcc.a(_udivmodhi4.o)
 .data          0x00000000        0x0 c:/program files (x86)/atmel/studio/7.0/toolchain/avr8/avr8-gnu-toolchain/bin/../lib/gcc/avr/5.4.0/avrxmega3\libgcc.a(_udivmodhi4.o)
 .bss           0x00000000        0x0 c:/program files (x86)/atmel/studio/7.0/toolchain/avr8/avr8-gnu-toolchain/bin/../lib/gcc/avr/5.4.0/avrxmega3\libgcc.a(_udivmodhi4.o)
 .text.libgcc.mul
                0x00000000        0x0 c:/program files (x86)/atmel/studio/7.0/toolchain/avr8/avr8-gnu-toolchain/bin/../lib/gcc/avr/5.4.0/avrxmega3\libgcc.a(_udivmodhi4.o)
 .text.libgcc.div
                0x00000000       0x28 c:/program files (x86)/atmel/studio/7.0/toolchain/avr8/avr8-gnu-toolchain/bin/../lib/gcc/avr/5.4.0/avrxmega3\libgcc.a(_udivmodhi4.o)
 .text.libgcc   0x00000000        0x0 c:/program files (x86)/atmel/studio/7.0/toolchain/avr8/avr8-gnu-toolchain/bin/../lib/gcc/avr/5.4.0/avrxmega3\libgcc.a(_udivmodhi4.o)
 .text.libgcc.prologue
                0x00000000        0x0 c:/program files (x86)/atmel/studio/7.0/toolchain/avr8/avr8-gnu-toolchain/bin/../lib/gcc/avr/5.4.0/avrxmega3\libgcc.a(_udivmodhi4.o)
 .text.libgcc.builtins
                0x00000000        0x0 c:/program files (x86)/atmel/studio/7.0/toolchain/avr8/avr8-gnu-toolchain/bin/../lib/gcc/avr/5.4.0/avrxmega3\libgcc.a(_udivmodhi4.o)
 .text.libgcc.fmul
                0x00000000        0x0 c:/program files (x86)/atmel/studio/7.0/toolchain/avr8/avr8-gnu-toolchain/bin/../lib/gcc/avr/5.4.0/avrxmega3\libgcc.a(_udivmodhi4.o)
 .text.libgcc.fixed
                0x00000000        0x0 c:/program files (x86)/atmel/studio/7.0/toolchain/avr8/avr8-gnu-toolchain/bin/../lib/gcc/avr/5.4.0/avrxmega3\libgcc.a(_udivmodhi4.o)
 .text          0x00000000        0x0 c:/program files (x86)/atmel/studio/7.0/toolchain/avr8/avr8-gnu-toolchain/bin/../lib/gcc/avr/5.4.0/../../../../avr/lib/avrxmega3\libc.a(malloc.o)
 .bss           0x00000000        0x0 c:/program files (x86)/atmel/studio/7.0/toolchain/avr8/avr8-gnu-toolchain/bin/../lib/gcc/avr/5.4.0/../../../../avr/lib/avrxmega3\libc.a(malloc.o)
 .text          0x00000000        0x0 c:/program files (x86)/atmel/studio/7.0/toolchain/avr8/avr8-gnu-toolchain/bin/../lib/gcc/avr/5.4.0/../../../../avr/lib/avrxmega3\libc.a(memcpy.o)
 .data          0x00000000        0x0 c:/program files (x86)/atmel/studio/7.0/toolchain/avr8/avr8-gnu-toolchain/bin/../lib/gcc/avr/5.4.0/../../../../avr/lib/avrxmega3\libc.a(memcpy.o)
 .bss           0x00000000        0x0 c:/program files (x86)/atmel/studio/7.0/toolchain/avr8/avr8-gnu-toolchain/bin/../lib/gcc/avr/5.4.0/../../../../avr/lib/avrxmega3\libc.a(memcpy.o)

Memory Configuration

Name             Origin             Length             Attributes
text             0x00000000         0x0000c000         xr
data             0x00802800         0x00001800         rw !x
eeprom           0x00810000         0x00000100         rw !x
fuse             0x00820000         0x0000000a         rw !x
lock             0x00830000         0x00000400         rw !x
signature        0x00840000         0x00000400         rw !x
user_signatures  0x00850000         0x00000400         rw !x
*default*        0x00000000         0xffffffff

Linker script and memory map

Address of section .data set to 0x802800
                0x00004000                __RODATA_PM_OFFSET__ = 0x4000
LOAD C:/Program Files (x86)/Atmel/Studio/7.0/Packs/Atmel/ATmega_DFP/1.7.374/gcc/dev/atmega4808/avrxmega3/crtatmega4808.o
LOAD ATMegaXX09/ATMegaXX09Clock.o
LOAD ATMegaXX09/FIFO/FIFO.o
LOAD ATMegaXX09/Port/Port.o
LOAD ATMegaXX09/USART/USART.o
LOAD dataprep.o
LOAD main.o
LOAD lockList.o
LOAD slaveDevice.o
LOAD timerUnit.o
START GROUP
LOAD c:/program files (x86)/atmel/studio/7.0/toolchain/avr8/avr8-gnu-toolchain/bin/../lib/gcc/avr/5.4.0/../../../../avr/lib/avrxmega3\libm.a
END GROUP
START GROUP
LOAD c:/program files (x86)/atmel/studio/7.0/toolchain/avr8/avr8-gnu-toolchain/bin/../lib/gcc/avr/5.4.0/avrxmega3\libgcc.a
LOAD c:/program files (x86)/atmel/studio/7.0/toolchain/avr8/avr8-gnu-toolchain/bin/../lib/gcc/avr/5.4.0/../../../../avr/lib/avrxmega3\libm.a
LOAD c:/program files (x86)/atmel/studio/7.0/toolchain/avr8/avr8-gnu-toolchain/bin/../lib/gcc/avr/5.4.0/../../../../avr/lib/avrxmega3\libc.a
LOAD C:/Program Files (x86)/Atmel/Studio/7.0/Packs/Atmel/ATmega_DFP/1.7.374/gcc/dev/atmega4808/avrxmega3\libatmega4808.a
END GROUP
                [0x00000000]                __TEXT_REGION_ORIGIN__ = DEFINED (__TEXT_REGION_ORIGIN__)?__TEXT_REGION_ORIGIN__:0x0
                [0x00802800]                __DATA_REGION_ORIGIN__ = DEFINED (__DATA_REGION_ORIGIN__)?__DATA_REGION_ORIGIN__:0x802000
                [0x0000c000]                __TEXT_REGION_LENGTH__ = DEFINED (__TEXT_REGION_LENGTH__)?__TEXT_REGION_LENGTH__:0x100000
                [0x00001800]                __DATA_REGION_LENGTH__ = DEFINED (__DATA_REGION_LENGTH__)?__DATA_REGION_LENGTH__:0xffa0
                [0x00000100]                __EEPROM_REGION_LENGTH__ = DEFINED (__EEPROM_REGION_LENGTH__)?__EEPROM_REGION_LENGTH__:0x10000
                [0x0000000a]                __FUSE_REGION_LENGTH__ = DEFINED (__FUSE_REGION_LENGTH__)?__FUSE_REGION_LENGTH__:0x400
                0x00000400                __LOCK_REGION_LENGTH__ = DEFINED (__LOCK_REGION_LENGTH__)?__LOCK_REGION_LENGTH__:0x400
                0x00000400                __SIGNATURE_REGION_LENGTH__ = DEFINED (__SIGNATURE_REGION_LENGTH__)?__SIGNATURE_REGION_LENGTH__:0x400
                0x00000400                __USER_SIGNATURE_REGION_LENGTH__ = DEFINED (__USER_SIGNATURE_REGION_LENGTH__)?__USER_SIGNATURE_REGION_LENGTH__:0x400
                0x00008000                __RODATA_PM_OFFSET__ = DEFINED (__RODATA_PM_OFFSET__)?__RODATA_PM_OFFSET__:0x8000

.hash
 *(.hash)

.dynsym
 *(.dynsym)

.dynstr
 *(.dynstr)

.gnu.version
 *(.gnu.version)

.gnu.version_d
 *(.gnu.version_d)

.gnu.version_r
 *(.gnu.version_r)

.rel.init
 *(.rel.init)

.rela.init
 *(.rela.init)

.rel.text
 *(.rel.text)
 *(.rel.text.*)
 *(.rel.gnu.linkonce.t*)

.rela.text
 *(.rela.text)
 *(.rela.text.*)
 *(.rela.gnu.linkonce.t*)

.rel.fini
 *(.rel.fini)

.rela.fini
 *(.rela.fini)

.rel.rodata
 *(.rel.rodata)
 *(.rel.rodata.*)
 *(.rel.gnu.linkonce.r*)

.rela.rodata
 *(.rela.rodata)
 *(.rela.rodata.*)
 *(.rela.gnu.linkonce.r*)

.rel.data
 *(.rel.data)
 *(.rel.data.*)
 *(.rel.gnu.linkonce.d*)

.rela.data
 *(.rela.data)
 *(.rela.data.*)
 *(.rela.gnu.linkonce.d*)

.rel.ctors
 *(.rel.ctors)

.rela.ctors
 *(.rela.ctors)

.rel.dtors
 *(.rel.dtors)

.rela.dtors
 *(.rela.dtors)

.rel.got
 *(.rel.got)

.rela.got
 *(.rela.got)

.rel.bss
 *(.rel.bss)

.rela.bss
 *(.rela.bss)

.rel.plt
 *(.rel.plt)

.rela.plt
 *(.rela.plt)

.text           0x00000000     0x1f62
 *(.vectors)
 .vectors       0x00000000       0x90 C:/Program Files (x86)/Atmel/Studio/7.0/Packs/Atmel/ATmega_DFP/1.7.374/gcc/dev/atmega4808/avrxmega3/crtatmega4808.o
                0x00000000                __vector_default
                0x00000000                __vectors
 *(.vectors)
 *(.progmem.gcc*)
 .progmem.gcc_sw_table.init_Core_CLK
                0x00000090       0x7e ATMegaXX09/ATMegaXX09Clock.o
                0x0000010e                . = ALIGN (0x2)
                0x0000010e                __trampolines_start = .
 *(.trampolines)
 .trampolines   0x0000010e        0x0 linker stubs
 *(.trampolines*)
                0x0000010e                __trampolines_end = .
 *libprintf_flt.a:*(.progmem.data)
 *libc.a:*(.progmem.data)
 *(.progmem*)
                0x0000010e                . = ALIGN (0x2)
 *(.jumptables)
 *(.jumptables*)
 *(.lowtext)
 *(.lowtext*)
                0x0000010e                __ctors_start = .
 *(.ctors)
                0x0000010e                __ctors_end = .
                0x0000010e                __dtors_start = .
 *(.dtors)
                0x0000010e                __dtors_end = .
 SORT(*)(.ctors)
 SORT(*)(.dtors)
 *(.init0)
 .init0         0x0000010e        0x0 C:/Program Files (x86)/Atmel/Studio/7.0/Packs/Atmel/ATmega_DFP/1.7.374/gcc/dev/atmega4808/avrxmega3/crtatmega4808.o
                0x0000010e                __init
 *(.init0)
 *(.init1)
 *(.init1)
 *(.init2)
 .init2         0x0000010e        0xc C:/Program Files (x86)/Atmel/Studio/7.0/Packs/Atmel/ATmega_DFP/1.7.374/gcc/dev/atmega4808/avrxmega3/crtatmega4808.o
 *(.init2)
 *(.init3)
 *(.init3)
 *(.init4)
 .init4         0x0000011a       0x16 c:/program files (x86)/atmel/studio/7.0/toolchain/avr8/avr8-gnu-toolchain/bin/../lib/gcc/avr/5.4.0/avrxmega3\libgcc.a(_copy_data.o)
                0x0000011a                __do_copy_data
 .init4         0x00000130       0x10 c:/program files (x86)/atmel/studio/7.0/toolchain/avr8/avr8-gnu-toolchain/bin/../lib/gcc/avr/5.4.0/avrxmega3\libgcc.a(_clear_bss.o)
                0x00000130                __do_clear_bss
 *(.init4)
 *(.init5)
 *(.init5)
 *(.init6)
 *(.init6)
 *(.init7)
 *(.init7)
 *(.init8)
 *(.init8)
 *(.init9)
 .init9         0x00000140        0x8 C:/Program Files (x86)/Atmel/Studio/7.0/Packs/Atmel/ATmega_DFP/1.7.374/gcc/dev/atmega4808/avrxmega3/crtatmega4808.o
 *(.init9)
 *(.text)
 .text          0x00000148        0x4 C:/Program Files (x86)/Atmel/Studio/7.0/Packs/Atmel/ATmega_DFP/1.7.374/gcc/dev/atmega4808/avrxmega3/crtatmega4808.o
                0x00000148                __vector_22
                0x00000148                __vector_1
                0x00000148                __vector_32
                0x00000148                __vector_34
                0x00000148                __vector_24
                0x00000148                __vector_12
                0x00000148                __bad_interrupt
                0x00000148                __vector_6
                0x00000148                __vector_35
                0x00000148                __vector_3
                0x00000148                __vector_23
                0x00000148                __vector_30
                0x00000148                __vector_25
                0x00000148                __vector_11
                0x00000148                __vector_13
                0x00000148                __vector_27
                0x00000148                __vector_5
                0x00000148                __vector_4
                0x00000148                __vector_9
                0x00000148                __vector_2
                0x00000148                __vector_21
                0x00000148                __vector_15
                0x00000148                __vector_29
                0x00000148                __vector_8
                0x00000148                __vector_14
                0x00000148                __vector_10
                0x00000148                __vector_16
                0x00000148                __vector_18
                0x00000148                __vector_20
                0x0000014c                . = ALIGN (0x2)
 *(.text.*)
 .text.get_CPU_CLK
                0x0000014c       0xb2 ATMegaXX09/ATMegaXX09Clock.o
                0x0000014c                get_CPU_CLK
 .text.init_Core_CLK
                0x000001fe       0x94 ATMegaXX09/ATMegaXX09Clock.o
                0x000001fe                init_Core_CLK
 .text.FIFO_writebyte
                0x00000292       0x5e ATMegaXX09/FIFO/FIFO.o
                0x00000292                FIFO_writebyte
 .text.FIFO_readbyte
                0x000002f0       0x40 ATMegaXX09/FIFO/FIFO.o
                0x000002f0                FIFO_readbyte
 .text.FIFO_copy_to_lin
                0x00000330       0xb8 ATMegaXX09/FIFO/FIFO.o
                0x00000330                FIFO_copy_to_lin
 .text.FIFO_copy_from_lin
                0x000003e8       0xa2 ATMegaXX09/FIFO/FIFO.o
                0x000003e8                FIFO_copy_from_lin
 .text.FIFO_chk_for_writedata
                0x0000048a       0x30 ATMegaXX09/USART/USART.o
 .text.FIFO_diff_readdata
                0x000004ba       0x34 ATMegaXX09/USART/USART.o
 .text.FIFO_diff_writedata
                0x000004ee       0x36 ATMegaXX09/USART/USART.o
 .text.__vector_17
                0x00000524       0xd8 ATMegaXX09/USART/USART.o
                0x00000524                __vector_17
 .text.__vector_19
                0x000005fc      0x12e ATMegaXX09/USART/USART.o
                0x000005fc                __vector_19
 .text.__vector_26
                0x0000072a       0xd8 ATMegaXX09/USART/USART.o
                0x0000072a                __vector_26
 .text.__vector_28
                0x00000802      0x12e ATMegaXX09/USART/USART.o
                0x00000802                __vector_28
 .text.__vector_31
                0x00000930       0xd8 ATMegaXX09/USART/USART.o
                0x00000930                __vector_31
 .text.__vector_33
                0x00000a08      0x12e ATMegaXX09/USART/USART.o
                0x00000a08                __vector_33
 .text.USART_init
                0x00000b36      0x4d2 ATMegaXX09/USART/USART.o
                0x00000b36                USART_init
 .text.USART_send_Array
                0x00001008       0x9a ATMegaXX09/USART/USART.o
                0x00001008                USART_send_Array
 .text.USART_set_receive_Array_callback_fnc
                0x000010a2       0x18 ATMegaXX09/USART/USART.o
                0x000010a2                USART_set_receive_Array_callback_fnc
 .text.USART_set_send_Array_callback_fnc
                0x000010ba       0x18 ATMegaXX09/USART/USART.o
                0x000010ba                USART_set_send_Array_callback_fnc
 .text.USART_set_Bytes_to_receive
                0x000010d2        0xc ATMegaXX09/USART/USART.o
                0x000010d2                USART_set_Bytes_to_receive
 .text.echoTest
                0x000010de       0xe8 main.o
 .text.init     0x000011c6       0x64 main.o
                0x000011c6                init
 .text.main     0x0000122a       0x1c main.o
                0x0000122a                main
 .text.callbackTx
                0x00001246       0x8a slaveDevice.o
                0x00001246                callbackTx
 .text.callbackRx
                0x000012d0      0x1c2 slaveDevice.o
 .text.dataTx   0x00001492       0xae slaveDevice.o
                0x00001492                dataTx
 .text.dataRx   0x00001540      0x108 slaveDevice.o
                0x00001540                dataRx
 .text.initDev  0x00001648       0xee slaveDevice.o
                0x00001648                initDev
 .text.resetAllGenerator
                0x00001736       0x2e timerUnit.o
 .text.searchFreeGenerator
                0x00001764       0x2a timerUnit.o
 .text.timerInit
                0x0000178e      0x170 timerUnit.o
                0x0000178e                timerInit
 .text.setWatchedObj
                0x000018fe       0x14 timerUnit.o
                0x000018fe                setWatchedObj
 .text.setUsartWatcherTimeout
                0x00001912       0xba timerUnit.o
                0x00001912                setUsartWatcherTimeout
 .text.getUsartWatcherTimeout
                0x000019cc       0x1c timerUnit.o
                0x000019cc                getUsartWatcherTimeout
 .text.waitUs   0x000019e8      0x10e timerUnit.o
                0x000019e8                waitUs
 .text.__vector_7
                0x00001af6      0x1a6 timerUnit.o
                0x00001af6                __vector_7
 .text.libgcc.div
                0x00001c9c       0x44 c:/program files (x86)/atmel/studio/7.0/toolchain/avr8/avr8-gnu-toolchain/bin/../lib/gcc/avr/5.4.0/avrxmega3\libgcc.a(_udivmodsi4.o)
                0x00001c9c                __udivmodsi4
 .text.libgcc   0x00001ce0        0xc c:/program files (x86)/atmel/studio/7.0/toolchain/avr8/avr8-gnu-toolchain/bin/../lib/gcc/avr/5.4.0/avrxmega3\libgcc.a(_tablejump2.o)
                0x00001ce0                __tablejump2__
 .text.libgcc.mul
                0x00001cec       0x1e c:/program files (x86)/atmel/studio/7.0/toolchain/avr8/avr8-gnu-toolchain/bin/../lib/gcc/avr/5.4.0/avrxmega3\libgcc.a(_umulhisi3.o)
                0x00001cec                __umulhisi3
 .text.avr-libc
                0x00001d0a      0x242 c:/program files (x86)/atmel/studio/7.0/toolchain/avr8/avr8-gnu-toolchain/bin/../lib/gcc/avr/5.4.0/../../../../avr/lib/avrxmega3\libc.a(malloc.o)
                0x00001d0a                malloc
                0x00001e3a                free
 .text.avr-libc
                0x00001f4c       0x12 c:/program files (x86)/atmel/studio/7.0/toolchain/avr8/avr8-gnu-toolchain/bin/../lib/gcc/avr/5.4.0/../../../../avr/lib/avrxmega3\libc.a(memcpy.o)
                0x00001f4c                memcpy
                0x00001f5e                . = ALIGN (0x2)
 *(.fini9)
 .fini9         0x00001f5e        0x0 c:/program files (x86)/atmel/studio/7.0/toolchain/avr8/avr8-gnu-toolchain/bin/../lib/gcc/avr/5.4.0/avrxmega3\libgcc.a(_exit.o)
                0x00001f5e                _exit
                0x00001f5e                exit
 *(.fini9)
 *(.fini8)
 *(.fini8)
 *(.fini7)
 *(.fini7)
 *(.fini6)
 *(.fini6)
 *(.fini5)
 *(.fini5)
 *(.fini4)
 *(.fini4)
 *(.fini3)
 *(.fini3)
 *(.fini2)
 *(.fini2)
 *(.fini1)
 *(.fini1)
 *(.fini0)
 .fini0         0x00001f5e        0x4 c:/program files (x86)/atmel/studio/7.0/toolchain/avr8/avr8-gnu-toolchain/bin/../lib/gcc/avr/5.4.0/avrxmega3\libgcc.a(_exit.o)
 *(.fini0)
                0x00001f62                _etext = .

.rodata         0x00005f62       0x25 load address 0x00001f62
 *(.rodata)
 .rodata        0x00005f62       0x1d ATMegaXX09/ATMegaXX09Clock.o
 *(.rodata*)
 .rodata.USART_handle
                0x00005f7f        0x8 ATMegaXX09/USART/USART.o
                0x00005f7f                USART_handle
 *(.gnu.linkonce.r*)

.data           0x00802800      0x798 load address 0x00001f87
                0x00802800                PROVIDE (__data_start, .)
 *(.data)
 .data          0x00802800        0x6 c:/program files (x86)/atmel/studio/7.0/toolchain/avr8/avr8-gnu-toolchain/bin/../lib/gcc/avr/5.4.0/../../../../avr/lib/avrxmega3\libc.a(malloc.o)
                0x00802800                __malloc_heap_end
                0x00802802                __malloc_heap_start
                0x00802804                __malloc_margin
 *(.data*)
 .data.USART_RX_FIFO
                0x00802806       0x69 ATMegaXX09/USART/USART.o
                0x00802806                USART_RX_FIFO
 .data.USART_TX_FIFO
                0x0080286f       0x69 ATMegaXX09/USART/USART.o
                0x0080286f                USART_TX_FIFO
 .data.rxLength
                0x008028d8        0x2 main.o
 .data.obj      0x008028da      0x6ba slaveDevice.o
                0x008028da                obj
 .data.objTCA   0x00802f94        0x4 timerUnit.o
                0x00802f94                objTCA
 *(.gnu.linkonce.d*)
                0x00802f98                . = ALIGN (0x2)
                0x00802f98                _edata = .
                0x00802f98                PROVIDE (__data_end, .)

.bss            0x00802f98       0xa2
                0x00802f98                PROVIDE (__bss_start, .)
 *(.bss)
 *(.bss*)
 .bss.CLK_CPU   0x00802f98        0x4 ATMegaXX09/ATMegaXX09Clock.o
                0x00802f98                CLK_CPU
 .bss.USART_receive_Array_callback
                0x00802f9c        0x8 ATMegaXX09/USART/USART.o
                0x00802f9c                USART_receive_Array_callback
 .bss.USART_send_Array_callback
                0x00802fa4        0x8 ATMegaXX09/USART/USART.o
                0x00802fa4                USART_send_Array_callback
 .bss.USART_adresse
                0x00802fac        0x4 ATMegaXX09/USART/USART.o
                0x00802fac                USART_adresse
 .bss.USART_bytes_to_receive
                0x00802fb0        0x4 ATMegaXX09/USART/USART.o
                0x00802fb0                USART_bytes_to_receive
 .bss.USART_bytes_received
                0x00802fb4        0x4 ATMegaXX09/USART/USART.o
                0x00802fb4                USART_bytes_received
 .bss.data      0x00802fb8       0x64 main.o
 .bss.usartWatcher
                0x0080301c       0x10 timerUnit.o
                0x0080301c                usartWatcher
 *(COMMON)
 COMMON         0x0080302c        0xa timerUnit.o
                0x0080302c                obj_p
                0x0080302e                counter
 COMMON         0x00803036        0x4 c:/program files (x86)/atmel/studio/7.0/toolchain/avr8/avr8-gnu-toolchain/bin/../lib/gcc/avr/5.4.0/../../../../avr/lib/avrxmega3\libc.a(malloc.o)
                0x00803036                __brkval
                0x00803038                __flp
                0x0080303a                PROVIDE (__bss_end, .)
                0x00001f87                __data_load_start = LOADADDR (.data)
                0x0000271f                __data_load_end = (__data_load_start + SIZEOF (.data))

.noinit         0x0080303a        0x0
                [!provide]                PROVIDE (__noinit_start, .)
 *(.noinit*)
                [!provide]                PROVIDE (__noinit_end, .)
                0x0080303a                _end = .
                0x0080303a                PROVIDE (__heap_start, .)

.eeprom         0x00810000       0x20
 *(.eeprom*)
 .eeprom        0x00810000       0x20 ATMegaXX09/USART/USART.o
                0x00810000                USARTPort
                0x00810004                USARTPortTX_Set
                0x00810008                USARTPortRX_Clear
                0x0081000c                USARTPortXCK_Set
                0x00810010                USARTPortXDIR_Set
                0x00810014                USARTPortDirMask
                0x00810018                USARTRXEventID
                0x0081001c                USARTTXEventID
                0x00810020                __eeprom_end = .

.fuse
 *(.fuse)
 *(.lfuse)
 *(.hfuse)
 *(.efuse)

.lock
 *(.lock*)

.signature
 *(.signature*)

.user_signatures
 *(.user_signatures*)

.stab
 *(.stab)

.stabstr
 *(.stabstr)

.stab.excl
 *(.stab.excl)

.stab.exclstr
 *(.stab.exclstr)

.stab.index
 *(.stab.index)

.stab.indexstr
 *(.stab.indexstr)

.comment        0x00000000       0x30
 *(.comment)
 .comment       0x00000000       0x30 ATMegaXX09/ATMegaXX09Clock.o
                                 0x31 (size before relaxing)
 .comment       0x00000030       0x31 ATMegaXX09/FIFO/FIFO.o
 .comment       0x00000030       0x31 ATMegaXX09/USART/USART.o
 .comment       0x00000030       0x31 main.o
 .comment       0x00000030       0x31 slaveDevice.o
 .comment       0x00000030       0x31 timerUnit.o
 .comment       0x00000030       0x31 c:/program files (x86)/atmel/studio/7.0/toolchain/avr8/avr8-gnu-toolchain/bin/../lib/gcc/avr/5.4.0/../../../../avr/lib/avrxmega3\libc.a(malloc.o)

.note.gnu.avr.deviceinfo
                0x00000000       0x40
 .note.gnu.avr.deviceinfo
                0x00000000       0x40 C:/Program Files (x86)/Atmel/Studio/7.0/Packs/Atmel/ATmega_DFP/1.7.374/gcc/dev/atmega4808/avrxmega3/crtatmega4808.o

.note.gnu.build-id
 *(.note.gnu.build-id)

.debug
 *(.debug)

.line
 *(.line)

.debug_srcinfo
 *(.debug_srcinfo)

.debug_sfnames
 *(.debug_sfnames)

.debug_aranges  0x00000000      0x208
 *(.debug_aranges)
 .debug_aranges
                0x00000000       0x28 ATMegaXX09/ATMegaXX09Clock.o
 .debug_aranges
                0x00000028       0x40 ATMegaXX09/FIFO/FIFO.o
 .debug_aranges
                0x00000068       0xb8 ATMegaXX09/USART/USART.o
 .debug_aranges
                0x00000120       0x40 main.o
 .debug_aranges
                0x00000160       0x48 slaveDevice.o
 .debug_aranges
                0x000001a8       0x60 timerUnit.o

.debug_pubnames
 *(.debug_pubnames)

.debug_info     0x00000000     0x67fe
 *(.debug_info .gnu.linkonce.wi.*)
 .debug_info    0x00000000     0x229c C:/Program Files (x86)/Atmel/Studio/7.0/Packs/Atmel/ATmega_DFP/1.7.374/gcc/dev/atmega4808/avrxmega3/crtatmega4808.o
 .debug_info    0x0000229c      0x357 ATMegaXX09/ATMegaXX09Clock.o
 .debug_info    0x000025f3      0x48e ATMegaXX09/FIFO/FIFO.o
 .debug_info    0x00002a81     0x209a ATMegaXX09/USART/USART.o
 .debug_info    0x00004b1b      0x549 main.o
 .debug_info    0x00005064      0x944 slaveDevice.o
 .debug_info    0x000059a8      0xe56 timerUnit.o

.debug_abbrev   0x00000000     0x2f69
 *(.debug_abbrev)
 .debug_abbrev  0x00000000     0x20c2 C:/Program Files (x86)/Atmel/Studio/7.0/Packs/Atmel/ATmega_DFP/1.7.374/gcc/dev/atmega4808/avrxmega3/crtatmega4808.o
 .debug_abbrev  0x000020c2      0x114 ATMegaXX09/ATMegaXX09Clock.o
 .debug_abbrev  0x000021d6      0x1d3 ATMegaXX09/FIFO/FIFO.o
 .debug_abbrev  0x000023a9      0x43c ATMegaXX09/USART/USART.o
 .debug_abbrev  0x000027e5      0x217 main.o
 .debug_abbrev  0x000029fc      0x235 slaveDevice.o
 .debug_abbrev  0x00002c31      0x338 timerUnit.o

.debug_line     0x00000000     0x1bae
 *(.debug_line .debug_line.* .debug_line_end)
 .debug_line    0x00000000      0x16f C:/Program Files (x86)/Atmel/Studio/7.0/Packs/Atmel/ATmega_DFP/1.7.374/gcc/dev/atmega4808/avrxmega3/crtatmega4808.o
 .debug_line    0x0000016f      0x24d ATMegaXX09/ATMegaXX09Clock.o
 .debug_line    0x000003bc      0x1d2 ATMegaXX09/FIFO/FIFO.o
 .debug_line    0x0000058e      0xa26 ATMegaXX09/USART/USART.o
 .debug_line    0x00000fb4      0x319 main.o
 .debug_line    0x000012cd      0x43c slaveDevice.o
 .debug_line    0x00001709      0x4a5 timerUnit.o

.debug_frame    0x00000000      0x858
 *(.debug_frame)
 .debug_frame   0x00000000       0x44 ATMegaXX09/ATMegaXX09Clock.o
 .debug_frame   0x00000044       0x98 ATMegaXX09/FIFO/FIFO.o
 .debug_frame   0x000000dc      0x444 ATMegaXX09/USART/USART.o
 .debug_frame   0x00000520       0xe4 main.o
 .debug_frame   0x00000604       0xe0 slaveDevice.o
 .debug_frame   0x000006e4      0x174 timerUnit.o

.debug_str      0x00000000     0x24c5
 *(.debug_str)
 .debug_str     0x00000000      0xecd C:/Program Files (x86)/Atmel/Studio/7.0/Packs/Atmel/ATmega_DFP/1.7.374/gcc/dev/atmega4808/avrxmega3/crtatmega4808.o
 .debug_str     0x00000ecd      0x469 ATMegaXX09/ATMegaXX09Clock.o
                                0x4ae (size before relaxing)
 .debug_str     0x00001336      0x1b0 ATMegaXX09/FIFO/FIFO.o
                                0x336 (size before relaxing)
 .debug_str     0x000014e6      0xa04 ATMegaXX09/USART/USART.o
                                0xd54 (size before relaxing)
 .debug_str     0x00001eea      0x160 main.o
                                0x498 (size before relaxing)
 .debug_str     0x0000204a      0x1ab slaveDevice.o
                                0x67e (size before relaxing)
 .debug_str     0x000021f5      0x2d0 timerUnit.o
                                0x6da (size before relaxing)

.debug_loc      0x00000000     0x2f93
 *(.debug_loc)
 .debug_loc     0x00000000      0x1e7 ATMegaXX09/ATMegaXX09Clock.o
 .debug_loc     0x000001e7      0x336 ATMegaXX09/FIFO/FIFO.o
 .debug_loc     0x0000051d     0x1990 ATMegaXX09/USART/USART.o
 .debug_loc     0x00001ead      0x39a main.o
 .debug_loc     0x00002247      0x7a1 slaveDevice.o
 .debug_loc     0x000029e8      0x5ab timerUnit.o

.debug_macinfo
 *(.debug_macinfo)

.debug_weaknames
 *(.debug_weaknames)

.debug_funcnames
 *(.debug_funcnames)

.debug_typenames
 *(.debug_typenames)

.debug_varnames
 *(.debug_varnames)

.debug_pubtypes
 *(.debug_pubtypes)

.debug_ranges   0x00000000      0x380
 *(.debug_ranges)
 .debug_ranges  0x00000000       0x18 ATMegaXX09/ATMegaXX09Clock.o
 .debug_ranges  0x00000018       0x30 ATMegaXX09/FIFO/FIFO.o
 .debug_ranges  0x00000048      0x220 ATMegaXX09/USART/USART.o
 .debug_ranges  0x00000268       0x60 main.o
 .debug_ranges  0x000002c8       0x68 slaveDevice.o
 .debug_ranges  0x00000330       0x50 timerUnit.o

.debug_macro
 *(.debug_macro)
OUTPUT(solution1.elf elf32-avr)
LOAD linker stubs
