Archive member included to satisfy reference by file (symbol)

c:/program files (x86)/atmel/studio/7.0/toolchain/avr8/avr8-gnu-toolchain/bin/../lib/gcc/avr/5.4.0/avrxmega3\libgcc.a(_udivmodsi4.o)
                              ATMegaXX09/ATMegaXX09Clock.o (__udivmodsi4)
c:/program files (x86)/atmel/studio/7.0/toolchain/avr8/avr8-gnu-toolchain/bin/../lib/gcc/avr/5.4.0/avrxmega3\libgcc.a(_exit.o)
                              C:/Program Files (x86)/Atmel/Studio/7.0/Packs/atmel/ATmega_DFP/1.7.374/gcc/dev/atmega4808/avrxmega3/crtatmega4808.o (exit)
c:/program files (x86)/atmel/studio/7.0/toolchain/avr8/avr8-gnu-toolchain/bin/../lib/gcc/avr/5.4.0/avrxmega3\libgcc.a(_tablejump2.o)
                              ATMegaXX09/ATMegaXX09Clock.o (__tablejump2__)
c:/program files (x86)/atmel/studio/7.0/toolchain/avr8/avr8-gnu-toolchain/bin/../lib/gcc/avr/5.4.0/avrxmega3\libgcc.a(_copy_data.o)
                              ATMegaXX09/USART/USART.o (__do_copy_data)
c:/program files (x86)/atmel/studio/7.0/toolchain/avr8/avr8-gnu-toolchain/bin/../lib/gcc/avr/5.4.0/avrxmega3\libgcc.a(_clear_bss.o)
                              ATMegaXX09/ATMegaXX09Clock.o (__do_clear_bss)
c:/program files (x86)/atmel/studio/7.0/toolchain/avr8/avr8-gnu-toolchain/bin/../lib/gcc/avr/5.4.0/../../../../avr/lib/avrxmega3\libc.a(malloc.o)
                              ATMegaXX09/USART/USART.o (malloc)
c:/program files (x86)/atmel/studio/7.0/toolchain/avr8/avr8-gnu-toolchain/bin/../lib/gcc/avr/5.4.0/../../../../avr/lib/avrxmega3\libc.a(memcpy.o)
                              ATMegaXX09/FIFO/FIFO.o (memcpy)

Allocating common symbols
Common symbol       size              file

__brkval            0x2               c:/program files (x86)/atmel/studio/7.0/toolchain/avr8/avr8-gnu-toolchain/bin/../lib/gcc/avr/5.4.0/../../../../avr/lib/avrxmega3\libc.a(malloc.o)
counter             0x8               timerUnit.o
__flp               0x2               c:/program files (x86)/atmel/studio/7.0/toolchain/avr8/avr8-gnu-toolchain/bin/../lib/gcc/avr/5.4.0/../../../../avr/lib/avrxmega3\libc.a(malloc.o)

Discarded input sections

 .data          0x00000000        0x0 C:/Program Files (x86)/Atmel/Studio/7.0/Packs/atmel/ATmega_DFP/1.7.374/gcc/dev/atmega4808/avrxmega3/crtatmega4808.o
 .bss           0x00000000        0x0 C:/Program Files (x86)/Atmel/Studio/7.0/Packs/atmel/ATmega_DFP/1.7.374/gcc/dev/atmega4808/avrxmega3/crtatmega4808.o
 .text          0x00000000        0x0 ATMegaXX09/ATMegaXX09Clock.o
 .data          0x00000000        0x0 ATMegaXX09/ATMegaXX09Clock.o
 .bss           0x00000000        0x0 ATMegaXX09/ATMegaXX09Clock.o
 .rodata        0x00000000       0x1d ATMegaXX09/ATMegaXX09Clock.o
 .text.get_CPU_CLK
                0x00000000       0xb2 ATMegaXX09/ATMegaXX09Clock.o
 .text.init_Core_CLK
                0x00000000       0x94 ATMegaXX09/ATMegaXX09Clock.o
 .progmem.gcc_sw_table.init_Core_CLK
                0x00000000       0x7e ATMegaXX09/ATMegaXX09Clock.o
 .bss.CLK_CPU   0x00000000        0x4 ATMegaXX09/ATMegaXX09Clock.o
 .debug_info    0x00000000      0x357 ATMegaXX09/ATMegaXX09Clock.o
 .debug_abbrev  0x00000000      0x114 ATMegaXX09/ATMegaXX09Clock.o
 .debug_loc     0x00000000      0x1e7 ATMegaXX09/ATMegaXX09Clock.o
 .debug_aranges
                0x00000000       0x28 ATMegaXX09/ATMegaXX09Clock.o
 .debug_ranges  0x00000000       0x18 ATMegaXX09/ATMegaXX09Clock.o
 .debug_line    0x00000000      0x24d ATMegaXX09/ATMegaXX09Clock.o
 .debug_str     0x00000000      0x4da ATMegaXX09/ATMegaXX09Clock.o
 .comment       0x00000000       0x31 ATMegaXX09/ATMegaXX09Clock.o
 .debug_frame   0x00000000       0x44 ATMegaXX09/ATMegaXX09Clock.o
 .text          0x00000000        0x0 ATMegaXX09/FIFO/FIFO.o
 .data          0x00000000        0x0 ATMegaXX09/FIFO/FIFO.o
 .bss           0x00000000        0x0 ATMegaXX09/FIFO/FIFO.o
 .text.init_FIFO
                0x00000000       0x14 ATMegaXX09/FIFO/FIFO.o
 .text          0x00000000        0x0 ATMegaXX09/Port/Port.o
 .data          0x00000000        0x0 ATMegaXX09/Port/Port.o
 .bss           0x00000000        0x0 ATMegaXX09/Port/Port.o
 .debug_line    0x00000000        0x0 ATMegaXX09/Port/Port.o
 .debug_str     0x00000000      0x13e ATMegaXX09/Port/Port.o
 .comment       0x00000000       0x31 ATMegaXX09/Port/Port.o
 .text          0x00000000        0x0 ATMegaXX09/USART/USART.o
 .data          0x00000000        0x0 ATMegaXX09/USART/USART.o
 .bss           0x00000000        0x0 ATMegaXX09/USART/USART.o
 .rodata.USART_handle
                0x00000000        0x8 ATMegaXX09/USART/USART.o
 .bss.USART_adresse
                0x00000000        0x4 ATMegaXX09/USART/USART.o
 .text.USART_init
                0x00000000      0x4d2 ATMegaXX09/USART/USART.o
 .text.USART_DeInit
                0x00000000       0x74 ATMegaXX09/USART/USART.o
 .text.USART_RXC_Byte
                0x00000000       0xc4 ATMegaXX09/USART/USART.o
 .text.USART_TXC_Byte
                0x00000000      0x108 ATMegaXX09/USART/USART.o
 .text.USART_send_Array
                0x00000000       0x9a ATMegaXX09/USART/USART.o
 .text.USART_receive_Array
                0x00000000       0x9c ATMegaXX09/USART/USART.o
 .text.USART_set_receive_Array_callback_fnc
                0x00000000       0x18 ATMegaXX09/USART/USART.o
 .text.USART_set_send_Array_callback_fnc
                0x00000000       0x18 ATMegaXX09/USART/USART.o
 .text.USART_set_Bytes_to_receive
                0x00000000        0xc ATMegaXX09/USART/USART.o
 .text.USART_get_RXeventID
                0x00000000       0x14 ATMegaXX09/USART/USART.o
 .text.USART_get_TXeventID
                0x00000000       0x14 ATMegaXX09/USART/USART.o
 .text          0x00000000        0x0 main.o
 .data          0x00000000        0x0 main.o
 .bss           0x00000000        0x0 main.o
 .text          0x00000000        0x0 Math/checksum.o
 .data          0x00000000        0x0 Math/checksum.o
 .bss           0x00000000        0x0 Math/checksum.o
 .text.crc8     0x00000000       0x32 Math/checksum.o
 .debug_info    0x00000000      0x101 Math/checksum.o
 .debug_abbrev  0x00000000       0xb2 Math/checksum.o
 .debug_loc     0x00000000       0xe5 Math/checksum.o
 .debug_aranges
                0x00000000       0x20 Math/checksum.o
 .debug_ranges  0x00000000       0x10 Math/checksum.o
 .debug_line    0x00000000      0x10a Math/checksum.o
 .debug_str     0x00000000      0x1bf Math/checksum.o
 .comment       0x00000000       0x31 Math/checksum.o
 .debug_frame   0x00000000       0x24 Math/checksum.o
 .text          0x00000000        0x0 timerUnit.o
 .data          0x00000000        0x0 timerUnit.o
 .bss           0x00000000        0x0 timerUnit.o
 .text.resetAllGenerator
                0x00000000       0x2e timerUnit.o
 .text.searchFreeGenerator
                0x00000000       0x2a timerUnit.o
 .text.timerInit
                0x00000000      0x14e timerUnit.o
 .text.waitUs   0x00000000      0x10e timerUnit.o
 .text.waitCycle
                0x00000000       0x1e timerUnit.o
 .text          0x00000000        0x0 usvMonitorHandlerAPI.o
 .data          0x00000000        0x0 usvMonitorHandlerAPI.o
 .bss           0x00000000        0x0 usvMonitorHandlerAPI.o
 .text.initDev  0x00000000       0xa2 usvMonitorHandlerAPI.o
 .text.setData  0x00000000       0x32 usvMonitorHandlerAPI.o
 .text.getData  0x00000000       0xbc usvMonitorHandlerAPI.o
 .rodata.regSet
                0x00000000       0x20 usvMonitorHandlerAPI.o
 .debug_info    0x00000000      0x9be usvMonitorHandlerAPI.o
 .debug_abbrev  0x00000000      0x2a5 usvMonitorHandlerAPI.o
 .debug_loc     0x00000000      0x39d usvMonitorHandlerAPI.o
 .debug_aranges
                0x00000000       0x30 usvMonitorHandlerAPI.o
 .debug_ranges  0x00000000       0x20 usvMonitorHandlerAPI.o
 .debug_line    0x00000000      0x24c usvMonitorHandlerAPI.o
 .debug_str     0x00000000      0x7fc usvMonitorHandlerAPI.o
 .comment       0x00000000       0x31 usvMonitorHandlerAPI.o
 .debug_frame   0x00000000       0xa0 usvMonitorHandlerAPI.o
 .text          0x00000000        0x0 c:/program files (x86)/atmel/studio/7.0/toolchain/avr8/avr8-gnu-toolchain/bin/../lib/gcc/avr/5.4.0/avrxmega3\libgcc.a(_udivmodsi4.o)
 .data          0x00000000        0x0 c:/program files (x86)/atmel/studio/7.0/toolchain/avr8/avr8-gnu-toolchain/bin/../lib/gcc/avr/5.4.0/avrxmega3\libgcc.a(_udivmodsi4.o)
 .bss           0x00000000        0x0 c:/program files (x86)/atmel/studio/7.0/toolchain/avr8/avr8-gnu-toolchain/bin/../lib/gcc/avr/5.4.0/avrxmega3\libgcc.a(_udivmodsi4.o)
 .text.libgcc.mul
                0x00000000        0x0 c:/program files (x86)/atmel/studio/7.0/toolchain/avr8/avr8-gnu-toolchain/bin/../lib/gcc/avr/5.4.0/avrxmega3\libgcc.a(_udivmodsi4.o)
 .text.libgcc.div
                0x00000000       0x44 c:/program files (x86)/atmel/studio/7.0/toolchain/avr8/avr8-gnu-toolchain/bin/../lib/gcc/avr/5.4.0/avrxmega3\libgcc.a(_udivmodsi4.o)
 .text.libgcc   0x00000000        0x0 c:/program files (x86)/atmel/studio/7.0/toolchain/avr8/avr8-gnu-toolchain/bin/../lib/gcc/avr/5.4.0/avrxmega3\libgcc.a(_udivmodsi4.o)
 .text.libgcc.prologue
                0x00000000        0x0 c:/program files (x86)/atmel/studio/7.0/toolchain/avr8/avr8-gnu-toolchain/bin/../lib/gcc/avr/5.4.0/avrxmega3\libgcc.a(_udivmodsi4.o)
 .text.libgcc.builtins
                0x00000000        0x0 c:/program files (x86)/atmel/studio/7.0/toolchain/avr8/avr8-gnu-toolchain/bin/../lib/gcc/avr/5.4.0/avrxmega3\libgcc.a(_udivmodsi4.o)
 .text.libgcc.fmul
                0x00000000        0x0 c:/program files (x86)/atmel/studio/7.0/toolchain/avr8/avr8-gnu-toolchain/bin/../lib/gcc/avr/5.4.0/avrxmega3\libgcc.a(_udivmodsi4.o)
 .text.libgcc.fixed
                0x00000000        0x0 c:/program files (x86)/atmel/studio/7.0/toolchain/avr8/avr8-gnu-toolchain/bin/../lib/gcc/avr/5.4.0/avrxmega3\libgcc.a(_udivmodsi4.o)
 .text          0x00000000        0x0 c:/program files (x86)/atmel/studio/7.0/toolchain/avr8/avr8-gnu-toolchain/bin/../lib/gcc/avr/5.4.0/avrxmega3\libgcc.a(_exit.o)
 .data          0x00000000        0x0 c:/program files (x86)/atmel/studio/7.0/toolchain/avr8/avr8-gnu-toolchain/bin/../lib/gcc/avr/5.4.0/avrxmega3\libgcc.a(_exit.o)
 .bss           0x00000000        0x0 c:/program files (x86)/atmel/studio/7.0/toolchain/avr8/avr8-gnu-toolchain/bin/../lib/gcc/avr/5.4.0/avrxmega3\libgcc.a(_exit.o)
 .text.libgcc.mul
                0x00000000        0x0 c:/program files (x86)/atmel/studio/7.0/toolchain/avr8/avr8-gnu-toolchain/bin/../lib/gcc/avr/5.4.0/avrxmega3\libgcc.a(_exit.o)
 .text.libgcc.div
                0x00000000        0x0 c:/program files (x86)/atmel/studio/7.0/toolchain/avr8/avr8-gnu-toolchain/bin/../lib/gcc/avr/5.4.0/avrxmega3\libgcc.a(_exit.o)
 .text.libgcc   0x00000000        0x0 c:/program files (x86)/atmel/studio/7.0/toolchain/avr8/avr8-gnu-toolchain/bin/../lib/gcc/avr/5.4.0/avrxmega3\libgcc.a(_exit.o)
 .text.libgcc.prologue
                0x00000000        0x0 c:/program files (x86)/atmel/studio/7.0/toolchain/avr8/avr8-gnu-toolchain/bin/../lib/gcc/avr/5.4.0/avrxmega3\libgcc.a(_exit.o)
 .text.libgcc.builtins
                0x00000000        0x0 c:/program files (x86)/atmel/studio/7.0/toolchain/avr8/avr8-gnu-toolchain/bin/../lib/gcc/avr/5.4.0/avrxmega3\libgcc.a(_exit.o)
 .text.libgcc.fmul
                0x00000000        0x0 c:/program files (x86)/atmel/studio/7.0/toolchain/avr8/avr8-gnu-toolchain/bin/../lib/gcc/avr/5.4.0/avrxmega3\libgcc.a(_exit.o)
 .text.libgcc.fixed
                0x00000000        0x0 c:/program files (x86)/atmel/studio/7.0/toolchain/avr8/avr8-gnu-toolchain/bin/../lib/gcc/avr/5.4.0/avrxmega3\libgcc.a(_exit.o)
 .text          0x00000000        0x0 c:/program files (x86)/atmel/studio/7.0/toolchain/avr8/avr8-gnu-toolchain/bin/../lib/gcc/avr/5.4.0/avrxmega3\libgcc.a(_tablejump2.o)
 .data          0x00000000        0x0 c:/program files (x86)/atmel/studio/7.0/toolchain/avr8/avr8-gnu-toolchain/bin/../lib/gcc/avr/5.4.0/avrxmega3\libgcc.a(_tablejump2.o)
 .bss           0x00000000        0x0 c:/program files (x86)/atmel/studio/7.0/toolchain/avr8/avr8-gnu-toolchain/bin/../lib/gcc/avr/5.4.0/avrxmega3\libgcc.a(_tablejump2.o)
 .text.libgcc.mul
                0x00000000        0x0 c:/program files (x86)/atmel/studio/7.0/toolchain/avr8/avr8-gnu-toolchain/bin/../lib/gcc/avr/5.4.0/avrxmega3\libgcc.a(_tablejump2.o)
 .text.libgcc.div
                0x00000000        0x0 c:/program files (x86)/atmel/studio/7.0/toolchain/avr8/avr8-gnu-toolchain/bin/../lib/gcc/avr/5.4.0/avrxmega3\libgcc.a(_tablejump2.o)
 .text.libgcc   0x00000000        0xc c:/program files (x86)/atmel/studio/7.0/toolchain/avr8/avr8-gnu-toolchain/bin/../lib/gcc/avr/5.4.0/avrxmega3\libgcc.a(_tablejump2.o)
 .text.libgcc.prologue
                0x00000000        0x0 c:/program files (x86)/atmel/studio/7.0/toolchain/avr8/avr8-gnu-toolchain/bin/../lib/gcc/avr/5.4.0/avrxmega3\libgcc.a(_tablejump2.o)
 .text.libgcc.builtins
                0x00000000        0x0 c:/program files (x86)/atmel/studio/7.0/toolchain/avr8/avr8-gnu-toolchain/bin/../lib/gcc/avr/5.4.0/avrxmega3\libgcc.a(_tablejump2.o)
 .text.libgcc.fmul
                0x00000000        0x0 c:/program files (x86)/atmel/studio/7.0/toolchain/avr8/avr8-gnu-toolchain/bin/../lib/gcc/avr/5.4.0/avrxmega3\libgcc.a(_tablejump2.o)
 .text.libgcc.fixed
                0x00000000        0x0 c:/program files (x86)/atmel/studio/7.0/toolchain/avr8/avr8-gnu-toolchain/bin/../lib/gcc/avr/5.4.0/avrxmega3\libgcc.a(_tablejump2.o)
 .text          0x00000000        0x0 c:/program files (x86)/atmel/studio/7.0/toolchain/avr8/avr8-gnu-toolchain/bin/../lib/gcc/avr/5.4.0/avrxmega3\libgcc.a(_copy_data.o)
 .data          0x00000000        0x0 c:/program files (x86)/atmel/studio/7.0/toolchain/avr8/avr8-gnu-toolchain/bin/../lib/gcc/avr/5.4.0/avrxmega3\libgcc.a(_copy_data.o)
 .bss           0x00000000        0x0 c:/program files (x86)/atmel/studio/7.0/toolchain/avr8/avr8-gnu-toolchain/bin/../lib/gcc/avr/5.4.0/avrxmega3\libgcc.a(_copy_data.o)
 .text.libgcc.mul
                0x00000000        0x0 c:/program files (x86)/atmel/studio/7.0/toolchain/avr8/avr8-gnu-toolchain/bin/../lib/gcc/avr/5.4.0/avrxmega3\libgcc.a(_copy_data.o)
 .text.libgcc.div
                0x00000000        0x0 c:/program files (x86)/atmel/studio/7.0/toolchain/avr8/avr8-gnu-toolchain/bin/../lib/gcc/avr/5.4.0/avrxmega3\libgcc.a(_copy_data.o)
 .text.libgcc   0x00000000        0x0 c:/program files (x86)/atmel/studio/7.0/toolchain/avr8/avr8-gnu-toolchain/bin/../lib/gcc/avr/5.4.0/avrxmega3\libgcc.a(_copy_data.o)
 .text.libgcc.prologue
                0x00000000        0x0 c:/program files (x86)/atmel/studio/7.0/toolchain/avr8/avr8-gnu-toolchain/bin/../lib/gcc/avr/5.4.0/avrxmega3\libgcc.a(_copy_data.o)
 .text.libgcc.builtins
                0x00000000        0x0 c:/program files (x86)/atmel/studio/7.0/toolchain/avr8/avr8-gnu-toolchain/bin/../lib/gcc/avr/5.4.0/avrxmega3\libgcc.a(_copy_data.o)
 .text.libgcc.fmul
                0x00000000        0x0 c:/program files (x86)/atmel/studio/7.0/toolchain/avr8/avr8-gnu-toolchain/bin/../lib/gcc/avr/5.4.0/avrxmega3\libgcc.a(_copy_data.o)
 .text.libgcc.fixed
                0x00000000        0x0 c:/program files (x86)/atmel/studio/7.0/toolchain/avr8/avr8-gnu-toolchain/bin/../lib/gcc/avr/5.4.0/avrxmega3\libgcc.a(_copy_data.o)
 .text          0x00000000        0x0 c:/program files (x86)/atmel/studio/7.0/toolchain/avr8/avr8-gnu-toolchain/bin/../lib/gcc/avr/5.4.0/avrxmega3\libgcc.a(_clear_bss.o)
 .data          0x00000000        0x0 c:/program files (x86)/atmel/studio/7.0/toolchain/avr8/avr8-gnu-toolchain/bin/../lib/gcc/avr/5.4.0/avrxmega3\libgcc.a(_clear_bss.o)
 .bss           0x00000000        0x0 c:/program files (x86)/atmel/studio/7.0/toolchain/avr8/avr8-gnu-toolchain/bin/../lib/gcc/avr/5.4.0/avrxmega3\libgcc.a(_clear_bss.o)
 .text.libgcc.mul
                0x00000000        0x0 c:/program files (x86)/atmel/studio/7.0/toolchain/avr8/avr8-gnu-toolchain/bin/../lib/gcc/avr/5.4.0/avrxmega3\libgcc.a(_clear_bss.o)
 .text.libgcc.div
                0x00000000        0x0 c:/program files (x86)/atmel/studio/7.0/toolchain/avr8/avr8-gnu-toolchain/bin/../lib/gcc/avr/5.4.0/avrxmega3\libgcc.a(_clear_bss.o)
 .text.libgcc   0x00000000        0x0 c:/program files (x86)/atmel/studio/7.0/toolchain/avr8/avr8-gnu-toolchain/bin/../lib/gcc/avr/5.4.0/avrxmega3\libgcc.a(_clear_bss.o)
 .text.libgcc.prologue
                0x00000000        0x0 c:/program files (x86)/atmel/studio/7.0/toolchain/avr8/avr8-gnu-toolchain/bin/../lib/gcc/avr/5.4.0/avrxmega3\libgcc.a(_clear_bss.o)
 .text.libgcc.builtins
                0x00000000        0x0 c:/program files (x86)/atmel/studio/7.0/toolchain/avr8/avr8-gnu-toolchain/bin/../lib/gcc/avr/5.4.0/avrxmega3\libgcc.a(_clear_bss.o)
 .text.libgcc.fmul
                0x00000000        0x0 c:/program files (x86)/atmel/studio/7.0/toolchain/avr8/avr8-gnu-toolchain/bin/../lib/gcc/avr/5.4.0/avrxmega3\libgcc.a(_clear_bss.o)
 .text.libgcc.fixed
                0x00000000        0x0 c:/program files (x86)/atmel/studio/7.0/toolchain/avr8/avr8-gnu-toolchain/bin/../lib/gcc/avr/5.4.0/avrxmega3\libgcc.a(_clear_bss.o)
 .text          0x00000000        0x0 c:/program files (x86)/atmel/studio/7.0/toolchain/avr8/avr8-gnu-toolchain/bin/../lib/gcc/avr/5.4.0/../../../../avr/lib/avrxmega3\libc.a(malloc.o)
 .bss           0x00000000        0x0 c:/program files (x86)/atmel/studio/7.0/toolchain/avr8/avr8-gnu-toolchain/bin/../lib/gcc/avr/5.4.0/../../../../avr/lib/avrxmega3\libc.a(malloc.o)
 .text          0x00000000        0x0 c:/program files (x86)/atmel/studio/7.0/toolchain/avr8/avr8-gnu-toolchain/bin/../lib/gcc/avr/5.4.0/../../../../avr/lib/avrxmega3\libc.a(memcpy.o)
 .data          0x00000000        0x0 c:/program files (x86)/atmel/studio/7.0/toolchain/avr8/avr8-gnu-toolchain/bin/../lib/gcc/avr/5.4.0/../../../../avr/lib/avrxmega3\libc.a(memcpy.o)
 .bss           0x00000000        0x0 c:/program files (x86)/atmel/studio/7.0/toolchain/avr8/avr8-gnu-toolchain/bin/../lib/gcc/avr/5.4.0/../../../../avr/lib/avrxmega3\libc.a(memcpy.o)

Memory Configuration

Name             Origin             Length             Attributes
text             0x00000000         0x0000c000         xr
data             0x00802800         0x00001800         rw !x
eeprom           0x00810000         0x00000100         rw !x
fuse             0x00820000         0x0000000a         rw !x
lock             0x00830000         0x00000400         rw !x
signature        0x00840000         0x00000400         rw !x
user_signatures  0x00850000         0x00000400         rw !x
*default*        0x00000000         0xffffffff

Linker script and memory map

Address of section .data set to 0x802800
                0x00004000                __RODATA_PM_OFFSET__ = 0x4000
LOAD C:/Program Files (x86)/Atmel/Studio/7.0/Packs/atmel/ATmega_DFP/1.7.374/gcc/dev/atmega4808/avrxmega3/crtatmega4808.o
LOAD ATMegaXX09/ATMegaXX09Clock.o
LOAD ATMegaXX09/FIFO/FIFO.o
LOAD ATMegaXX09/Port/Port.o
LOAD ATMegaXX09/USART/USART.o
LOAD main.o
LOAD Math/checksum.o
LOAD timerUnit.o
LOAD usvMonitorHandlerAPI.o
START GROUP
LOAD c:/program files (x86)/atmel/studio/7.0/toolchain/avr8/avr8-gnu-toolchain/bin/../lib/gcc/avr/5.4.0/../../../../avr/lib/avrxmega3\libm.a
END GROUP
START GROUP
LOAD c:/program files (x86)/atmel/studio/7.0/toolchain/avr8/avr8-gnu-toolchain/bin/../lib/gcc/avr/5.4.0/avrxmega3\libgcc.a
LOAD c:/program files (x86)/atmel/studio/7.0/toolchain/avr8/avr8-gnu-toolchain/bin/../lib/gcc/avr/5.4.0/../../../../avr/lib/avrxmega3\libm.a
LOAD c:/program files (x86)/atmel/studio/7.0/toolchain/avr8/avr8-gnu-toolchain/bin/../lib/gcc/avr/5.4.0/../../../../avr/lib/avrxmega3\libc.a
LOAD C:/Program Files (x86)/Atmel/Studio/7.0/Packs/atmel/ATmega_DFP/1.7.374/gcc/dev/atmega4808/avrxmega3\libatmega4808.a
END GROUP
                [0x00000000]                __TEXT_REGION_ORIGIN__ = DEFINED (__TEXT_REGION_ORIGIN__)?__TEXT_REGION_ORIGIN__:0x0
                [0x00802800]                __DATA_REGION_ORIGIN__ = DEFINED (__DATA_REGION_ORIGIN__)?__DATA_REGION_ORIGIN__:0x802000
                [0x0000c000]                __TEXT_REGION_LENGTH__ = DEFINED (__TEXT_REGION_LENGTH__)?__TEXT_REGION_LENGTH__:0x100000
                [0x00001800]                __DATA_REGION_LENGTH__ = DEFINED (__DATA_REGION_LENGTH__)?__DATA_REGION_LENGTH__:0xffa0
                [0x00000100]                __EEPROM_REGION_LENGTH__ = DEFINED (__EEPROM_REGION_LENGTH__)?__EEPROM_REGION_LENGTH__:0x10000
                [0x0000000a]                __FUSE_REGION_LENGTH__ = DEFINED (__FUSE_REGION_LENGTH__)?__FUSE_REGION_LENGTH__:0x400
                0x00000400                __LOCK_REGION_LENGTH__ = DEFINED (__LOCK_REGION_LENGTH__)?__LOCK_REGION_LENGTH__:0x400
                0x00000400                __SIGNATURE_REGION_LENGTH__ = DEFINED (__SIGNATURE_REGION_LENGTH__)?__SIGNATURE_REGION_LENGTH__:0x400
                0x00000400                __USER_SIGNATURE_REGION_LENGTH__ = DEFINED (__USER_SIGNATURE_REGION_LENGTH__)?__USER_SIGNATURE_REGION_LENGTH__:0x400
                0x00008000                __RODATA_PM_OFFSET__ = DEFINED (__RODATA_PM_OFFSET__)?__RODATA_PM_OFFSET__:0x8000

.hash
 *(.hash)

.dynsym
 *(.dynsym)

.dynstr
 *(.dynstr)

.gnu.version
 *(.gnu.version)

.gnu.version_d
 *(.gnu.version_d)

.gnu.version_r
 *(.gnu.version_r)

.rel.init
 *(.rel.init)

.rela.init
 *(.rela.init)

.rel.text
 *(.rel.text)
 *(.rel.text.*)
 *(.rel.gnu.linkonce.t*)

.rela.text
 *(.rela.text)
 *(.rela.text.*)
 *(.rela.gnu.linkonce.t*)

.rel.fini
 *(.rel.fini)

.rela.fini
 *(.rela.fini)

.rel.rodata
 *(.rel.rodata)
 *(.rel.rodata.*)
 *(.rel.gnu.linkonce.r*)

.rela.rodata
 *(.rela.rodata)
 *(.rela.rodata.*)
 *(.rela.gnu.linkonce.r*)

.rel.data
 *(.rel.data)
 *(.rel.data.*)
 *(.rel.gnu.linkonce.d*)

.rela.data
 *(.rela.data)
 *(.rela.data.*)
 *(.rela.gnu.linkonce.d*)

.rel.ctors
 *(.rel.ctors)

.rela.ctors
 *(.rela.ctors)

.rel.dtors
 *(.rel.dtors)

.rela.dtors
 *(.rela.dtors)

.rel.got
 *(.rel.got)

.rela.got
 *(.rela.got)

.rel.bss
 *(.rel.bss)

.rela.bss
 *(.rela.bss)

.rel.plt
 *(.rel.plt)

.rela.plt
 *(.rela.plt)

.text           0x00000000      0xca8
 *(.vectors)
 .vectors       0x00000000       0x90 C:/Program Files (x86)/Atmel/Studio/7.0/Packs/atmel/ATmega_DFP/1.7.374/gcc/dev/atmega4808/avrxmega3/crtatmega4808.o
                0x00000000                __vector_default
                0x00000000                __vectors
 *(.vectors)
 *(.progmem.gcc*)
                0x00000090                . = ALIGN (0x2)
                0x00000090                __trampolines_start = .
 *(.trampolines)
 .trampolines   0x00000090        0x0 linker stubs
 *(.trampolines*)
                0x00000090                __trampolines_end = .
 *libprintf_flt.a:*(.progmem.data)
 *libc.a:*(.progmem.data)
 *(.progmem*)
                0x00000090                . = ALIGN (0x2)
 *(.jumptables)
 *(.jumptables*)
 *(.lowtext)
 *(.lowtext*)
                0x00000090                __ctors_start = .
 *(.ctors)
                0x00000090                __ctors_end = .
                0x00000090                __dtors_start = .
 *(.dtors)
                0x00000090                __dtors_end = .
 SORT(*)(.ctors)
 SORT(*)(.dtors)
 *(.init0)
 .init0         0x00000090        0x0 C:/Program Files (x86)/Atmel/Studio/7.0/Packs/atmel/ATmega_DFP/1.7.374/gcc/dev/atmega4808/avrxmega3/crtatmega4808.o
                0x00000090                __init
 *(.init0)
 *(.init1)
 *(.init1)
 *(.init2)
 .init2         0x00000090        0xc C:/Program Files (x86)/Atmel/Studio/7.0/Packs/atmel/ATmega_DFP/1.7.374/gcc/dev/atmega4808/avrxmega3/crtatmega4808.o
 *(.init2)
 *(.init3)
 *(.init3)
 *(.init4)
 .init4         0x0000009c       0x16 c:/program files (x86)/atmel/studio/7.0/toolchain/avr8/avr8-gnu-toolchain/bin/../lib/gcc/avr/5.4.0/avrxmega3\libgcc.a(_copy_data.o)
                0x0000009c                __do_copy_data
 .init4         0x000000b2       0x10 c:/program files (x86)/atmel/studio/7.0/toolchain/avr8/avr8-gnu-toolchain/bin/../lib/gcc/avr/5.4.0/avrxmega3\libgcc.a(_clear_bss.o)
                0x000000b2                __do_clear_bss
 *(.init4)
 *(.init5)
 *(.init5)
 *(.init6)
 *(.init6)
 *(.init7)
 *(.init7)
 *(.init8)
 *(.init8)
 *(.init9)
 .init9         0x000000c2        0x8 C:/Program Files (x86)/Atmel/Studio/7.0/Packs/atmel/ATmega_DFP/1.7.374/gcc/dev/atmega4808/avrxmega3/crtatmega4808.o
 *(.init9)
 *(.text)
 .text          0x000000ca        0x4 C:/Program Files (x86)/Atmel/Studio/7.0/Packs/atmel/ATmega_DFP/1.7.374/gcc/dev/atmega4808/avrxmega3/crtatmega4808.o
                0x000000ca                __vector_22
                0x000000ca                __vector_1
                0x000000ca                __vector_32
                0x000000ca                __vector_34
                0x000000ca                __vector_24
                0x000000ca                __vector_12
                0x000000ca                __bad_interrupt
                0x000000ca                __vector_6
                0x000000ca                __vector_35
                0x000000ca                __vector_3
                0x000000ca                __vector_23
                0x000000ca                __vector_30
                0x000000ca                __vector_25
                0x000000ca                __vector_11
                0x000000ca                __vector_13
                0x000000ca                __vector_27
                0x000000ca                __vector_5
                0x000000ca                __vector_4
                0x000000ca                __vector_9
                0x000000ca                __vector_2
                0x000000ca                __vector_21
                0x000000ca                __vector_15
                0x000000ca                __vector_29
                0x000000ca                __vector_8
                0x000000ca                __vector_14
                0x000000ca                __vector_10
                0x000000ca                __vector_16
                0x000000ca                __vector_18
                0x000000ca                __vector_20
                0x000000ce                . = ALIGN (0x2)
 *(.text.*)
 .text.FIFO_writebyte
                0x000000ce       0x5e ATMegaXX09/FIFO/FIFO.o
                0x000000ce                FIFO_writebyte
 .text.FIFO_readbyte
                0x0000012c       0x40 ATMegaXX09/FIFO/FIFO.o
                0x0000012c                FIFO_readbyte
 .text.FIFO_copy_to_lin
                0x0000016c       0xb8 ATMegaXX09/FIFO/FIFO.o
                0x0000016c                FIFO_copy_to_lin
 .text.FIFO_copy_from_lin
                0x00000224       0xa2 ATMegaXX09/FIFO/FIFO.o
                0x00000224                FIFO_copy_from_lin
 .text.FIFO_chk_for_writedata
                0x000002c6       0x30 ATMegaXX09/USART/USART.o
 .text.FIFO_diff_readdata
                0x000002f6       0x34 ATMegaXX09/USART/USART.o
 .text.FIFO_diff_writedata
                0x0000032a       0x36 ATMegaXX09/USART/USART.o
 .text.__vector_17
                0x00000360       0xd8 ATMegaXX09/USART/USART.o
                0x00000360                __vector_17
 .text.__vector_19
                0x00000438      0x12e ATMegaXX09/USART/USART.o
                0x00000438                __vector_19
 .text.__vector_26
                0x00000566       0xd8 ATMegaXX09/USART/USART.o
                0x00000566                __vector_26
 .text.__vector_28
                0x0000063e      0x12e ATMegaXX09/USART/USART.o
                0x0000063e                __vector_28
 .text.__vector_31
                0x0000076c       0xd8 ATMegaXX09/USART/USART.o
                0x0000076c                __vector_31
 .text.__vector_33
                0x00000844      0x12e ATMegaXX09/USART/USART.o
                0x00000844                __vector_33
 .text.main     0x00000972        0x2 main.o
                0x00000972                main
 .text.__vector_7
                0x00000974       0xdc timerUnit.o
                0x00000974                __vector_7
 .text.avr-libc
                0x00000a50      0x242 c:/program files (x86)/atmel/studio/7.0/toolchain/avr8/avr8-gnu-toolchain/bin/../lib/gcc/avr/5.4.0/../../../../avr/lib/avrxmega3\libc.a(malloc.o)
                0x00000a50                malloc
                0x00000b80                free
 .text.avr-libc
                0x00000c92       0x12 c:/program files (x86)/atmel/studio/7.0/toolchain/avr8/avr8-gnu-toolchain/bin/../lib/gcc/avr/5.4.0/../../../../avr/lib/avrxmega3\libc.a(memcpy.o)
                0x00000c92                memcpy
                0x00000ca4                . = ALIGN (0x2)
 *(.fini9)
 .fini9         0x00000ca4        0x0 c:/program files (x86)/atmel/studio/7.0/toolchain/avr8/avr8-gnu-toolchain/bin/../lib/gcc/avr/5.4.0/avrxmega3\libgcc.a(_exit.o)
                0x00000ca4                _exit
                0x00000ca4                exit
 *(.fini9)
 *(.fini8)
 *(.fini8)
 *(.fini7)
 *(.fini7)
 *(.fini6)
 *(.fini6)
 *(.fini5)
 *(.fini5)
 *(.fini4)
 *(.fini4)
 *(.fini3)
 *(.fini3)
 *(.fini2)
 *(.fini2)
 *(.fini1)
 *(.fini1)
 *(.fini0)
 .fini0         0x00000ca4        0x4 c:/program files (x86)/atmel/studio/7.0/toolchain/avr8/avr8-gnu-toolchain/bin/../lib/gcc/avr/5.4.0/avrxmega3\libgcc.a(_exit.o)
 *(.fini0)
                0x00000ca8                _etext = .

.rodata
 *(.rodata)
 *(.rodata*)
 *(.gnu.linkonce.r*)

.data           0x00802800       0xdc load address 0x00000ca8
                0x00802800                PROVIDE (__data_start, .)
 *(.data)
 .data          0x00802800        0x6 c:/program files (x86)/atmel/studio/7.0/toolchain/avr8/avr8-gnu-toolchain/bin/../lib/gcc/avr/5.4.0/../../../../avr/lib/avrxmega3\libc.a(malloc.o)
                0x00802800                __malloc_heap_end
                0x00802802                __malloc_heap_start
                0x00802804                __malloc_margin
 *(.data*)
 .data.USART_RX_FIFO
                0x00802806       0x69 ATMegaXX09/USART/USART.o
                0x00802806                USART_RX_FIFO
 .data.USART_TX_FIFO
                0x0080286f       0x69 ATMegaXX09/USART/USART.o
                0x0080286f                USART_TX_FIFO
 .data.objTCA   0x008028d8        0x4 timerUnit.o
                0x008028d8                objTCA
 *(.gnu.linkonce.d*)
                0x008028dc                . = ALIGN (0x2)
                0x008028dc                _edata = .
                0x008028dc                PROVIDE (__data_end, .)

.bss            0x008028dc       0x24
                0x008028dc                PROVIDE (__bss_start, .)
 *(.bss)
 *(.bss*)
 .bss.USART_receive_Array_callback
                0x008028dc        0x8 ATMegaXX09/USART/USART.o
                0x008028dc                USART_receive_Array_callback
 .bss.USART_send_Array_callback
                0x008028e4        0x8 ATMegaXX09/USART/USART.o
                0x008028e4                USART_send_Array_callback
 .bss.USART_bytes_to_receive
                0x008028ec        0x4 ATMegaXX09/USART/USART.o
                0x008028ec                USART_bytes_to_receive
 .bss.USART_bytes_received
                0x008028f0        0x4 ATMegaXX09/USART/USART.o
                0x008028f0                USART_bytes_received
 *(COMMON)
 COMMON         0x008028f4        0x8 timerUnit.o
                0x008028f4                counter
 COMMON         0x008028fc        0x4 c:/program files (x86)/atmel/studio/7.0/toolchain/avr8/avr8-gnu-toolchain/bin/../lib/gcc/avr/5.4.0/../../../../avr/lib/avrxmega3\libc.a(malloc.o)
                0x008028fc                __brkval
                0x008028fe                __flp
                0x00802900                PROVIDE (__bss_end, .)
                0x00000ca8                __data_load_start = LOADADDR (.data)
                0x00000d84                __data_load_end = (__data_load_start + SIZEOF (.data))

.noinit         0x00802900        0x0
                [!provide]                PROVIDE (__noinit_start, .)
 *(.noinit*)
                [!provide]                PROVIDE (__noinit_end, .)
                0x00802900                _end = .
                0x00802900                PROVIDE (__heap_start, .)

.eeprom         0x00810000       0x20
 *(.eeprom*)
 .eeprom        0x00810000       0x20 ATMegaXX09/USART/USART.o
                0x00810000                USARTPort
                0x00810004                USARTPortTX_Set
                0x00810008                USARTPortRX_Clear
                0x0081000c                USARTPortXCK_Set
                0x00810010                USARTPortXDIR_Set
                0x00810014                USARTPortDirMask
                0x00810018                USARTRXEventID
                0x0081001c                USARTTXEventID
                0x00810020                __eeprom_end = .

.fuse
 *(.fuse)
 *(.lfuse)
 *(.hfuse)
 *(.efuse)

.lock
 *(.lock*)

.signature
 *(.signature*)

.user_signatures
 *(.user_signatures*)

.stab
 *(.stab)

.stabstr
 *(.stabstr)

.stab.excl
 *(.stab.excl)

.stab.exclstr
 *(.stab.exclstr)

.stab.index
 *(.stab.index)

.stab.indexstr
 *(.stab.indexstr)

.comment        0x00000000       0x30
 *(.comment)
 .comment       0x00000000       0x30 ATMegaXX09/FIFO/FIFO.o
                                 0x31 (size before relaxing)
 .comment       0x00000030       0x31 ATMegaXX09/USART/USART.o
 .comment       0x00000030       0x31 main.o
 .comment       0x00000030       0x31 timerUnit.o
 .comment       0x00000030       0x31 c:/program files (x86)/atmel/studio/7.0/toolchain/avr8/avr8-gnu-toolchain/bin/../lib/gcc/avr/5.4.0/../../../../avr/lib/avrxmega3\libc.a(malloc.o)

.note.gnu.avr.deviceinfo
                0x00000000       0x40
 .note.gnu.avr.deviceinfo
                0x00000000       0x40 C:/Program Files (x86)/Atmel/Studio/7.0/Packs/atmel/ATmega_DFP/1.7.374/gcc/dev/atmega4808/avrxmega3/crtatmega4808.o

.note.gnu.build-id
 *(.note.gnu.build-id)

.debug
 *(.debug)

.line
 *(.line)

.debug_srcinfo
 *(.debug_srcinfo)

.debug_sfnames
 *(.debug_sfnames)

.debug_aranges  0x00000000      0x160
 *(.debug_aranges)
 .debug_aranges
                0x00000000       0x40 ATMegaXX09/FIFO/FIFO.o
 .debug_aranges
                0x00000040       0xb8 ATMegaXX09/USART/USART.o
 .debug_aranges
                0x000000f8       0x20 main.o
 .debug_aranges
                0x00000118       0x48 timerUnit.o

.debug_pubnames
 *(.debug_pubnames)

.debug_info     0x00000000     0x5348
 *(.debug_info .gnu.linkonce.wi.*)
 .debug_info    0x00000000     0x229c C:/Program Files (x86)/Atmel/Studio/7.0/Packs/atmel/ATmega_DFP/1.7.374/gcc/dev/atmega4808/avrxmega3/crtatmega4808.o
 .debug_info    0x0000229c      0x48e ATMegaXX09/FIFO/FIFO.o
 .debug_info    0x0000272a     0x209a ATMegaXX09/USART/USART.o
 .debug_info    0x000047c4       0x92 main.o
 .debug_info    0x00004856      0xaf2 timerUnit.o

.debug_abbrev   0x00000000     0x29de
 *(.debug_abbrev)
 .debug_abbrev  0x00000000     0x20c2 C:/Program Files (x86)/Atmel/Studio/7.0/Packs/atmel/ATmega_DFP/1.7.374/gcc/dev/atmega4808/avrxmega3/crtatmega4808.o
 .debug_abbrev  0x000020c2      0x1d3 ATMegaXX09/FIFO/FIFO.o
 .debug_abbrev  0x00002295      0x43c ATMegaXX09/USART/USART.o
 .debug_abbrev  0x000026d1       0x49 main.o
 .debug_abbrev  0x0000271a      0x2c4 timerUnit.o

.debug_line     0x00000000     0x113c
 *(.debug_line .debug_line.* .debug_line_end)
 .debug_line    0x00000000      0x16f C:/Program Files (x86)/Atmel/Studio/7.0/Packs/atmel/ATmega_DFP/1.7.374/gcc/dev/atmega4808/avrxmega3/crtatmega4808.o
 .debug_line    0x0000016f      0x1d2 ATMegaXX09/FIFO/FIFO.o
 .debug_line    0x00000341      0xa26 ATMegaXX09/USART/USART.o
 .debug_line    0x00000d67       0x39 main.o
 .debug_line    0x00000da0      0x39c timerUnit.o

.debug_frame    0x00000000      0x608
 *(.debug_frame)
 .debug_frame   0x00000000       0x98 ATMegaXX09/FIFO/FIFO.o
 .debug_frame   0x00000098      0x444 ATMegaXX09/USART/USART.o
 .debug_frame   0x000004dc       0x24 main.o
 .debug_frame   0x00000500      0x108 timerUnit.o

.debug_str      0x00000000     0x1f6a
 *(.debug_str)
 .debug_str     0x00000000      0xecd C:/Program Files (x86)/Atmel/Studio/7.0/Packs/atmel/ATmega_DFP/1.7.374/gcc/dev/atmega4808/avrxmega3/crtatmega4808.o
 .debug_str     0x00000ecd      0x318 ATMegaXX09/FIFO/FIFO.o
                                0x362 (size before relaxing)
 .debug_str     0x000011e5      0xa57 ATMegaXX09/USART/USART.o
                                0xd80 (size before relaxing)
 .debug_str     0x00001c3c       0x11 main.o
                                0x1b0 (size before relaxing)
 .debug_str     0x00001c4d      0x31d timerUnit.o
                                0x556 (size before relaxing)

.debug_loc      0x00000000     0x2099
 *(.debug_loc)
 .debug_loc     0x00000000      0x336 ATMegaXX09/FIFO/FIFO.o
 .debug_loc     0x00000336     0x1990 ATMegaXX09/USART/USART.o
 .debug_loc     0x00001cc6      0x3d3 timerUnit.o

.debug_macinfo
 *(.debug_macinfo)

.debug_weaknames
 *(.debug_weaknames)

.debug_funcnames
 *(.debug_funcnames)

.debug_typenames
 *(.debug_typenames)

.debug_varnames
 *(.debug_varnames)

.debug_pubtypes
 *(.debug_pubtypes)

.debug_ranges   0x00000000      0x298
 *(.debug_ranges)
 .debug_ranges  0x00000000       0x30 ATMegaXX09/FIFO/FIFO.o
 .debug_ranges  0x00000030      0x220 ATMegaXX09/USART/USART.o
 .debug_ranges  0x00000250       0x10 main.o
 .debug_ranges  0x00000260       0x38 timerUnit.o

.debug_macro
 *(.debug_macro)
OUTPUT(USV Monitor Testen.elf elf32-avr)
LOAD linker stubs
