Archive member included to satisfy reference by file (symbol)

c:/program files (x86)/atmel/studio/7.0/toolchain/avr8/avr8-gnu-toolchain/bin/../lib/gcc/avr/5.4.0/avrxmega3\libgcc.a(_udivmodsi4.o)
                              ATMegaXX09/ATMegaXX09Clock.o (__udivmodsi4)
c:/program files (x86)/atmel/studio/7.0/toolchain/avr8/avr8-gnu-toolchain/bin/../lib/gcc/avr/5.4.0/avrxmega3\libgcc.a(_exit.o)
                              C:/Program Files (x86)/Atmel/Studio/7.0/Packs/atmel/ATmega_DFP/1.7.374/gcc/dev/atmega4809/avrxmega3/crtatmega4809.o (exit)
c:/program files (x86)/atmel/studio/7.0/toolchain/avr8/avr8-gnu-toolchain/bin/../lib/gcc/avr/5.4.0/avrxmega3\libgcc.a(_copy_data.o)
                              ATMegaXX09/USART/USART.o (__do_copy_data)
c:/program files (x86)/atmel/studio/7.0/toolchain/avr8/avr8-gnu-toolchain/bin/../lib/gcc/avr/5.4.0/avrxmega3\libgcc.a(_clear_bss.o)
                              ATMegaXX09/ATMegaXX09Clock.o (__do_clear_bss)
c:/program files (x86)/atmel/studio/7.0/toolchain/avr8/avr8-gnu-toolchain/bin/../lib/gcc/avr/5.4.0/../../../../avr/lib/avrxmega3\libc.a(malloc.o)
                              ATMegaXX09/USART/USART.o (malloc)
c:/program files (x86)/atmel/studio/7.0/toolchain/avr8/avr8-gnu-toolchain/bin/../lib/gcc/avr/5.4.0/../../../../avr/lib/avrxmega3\libc.a(memcpy.o)
                              ATMegaXX09/FIFO/FIFO.o (memcpy)

Allocating common symbols
Common symbol       size              file

rounded_distances   0x2               main.o
datastream          0x2               main.o
filtered_data       0x2               main.o
__brkval            0x2               c:/program files (x86)/atmel/studio/7.0/toolchain/avr8/avr8-gnu-toolchain/bin/../lib/gcc/avr/5.4.0/../../../../avr/lib/avrxmega3\libc.a(malloc.o)
converted_distances
                    0x2               main.o
distances           0x2               main.o
__flp               0x2               c:/program files (x86)/atmel/studio/7.0/toolchain/avr8/avr8-gnu-toolchain/bin/../lib/gcc/avr/5.4.0/../../../../avr/lib/avrxmega3\libc.a(malloc.o)

Discarded input sections

 .data          0x00000000        0x0 C:/Program Files (x86)/Atmel/Studio/7.0/Packs/atmel/ATmega_DFP/1.7.374/gcc/dev/atmega4809/avrxmega3/crtatmega4809.o
 .bss           0x00000000        0x0 C:/Program Files (x86)/Atmel/Studio/7.0/Packs/atmel/ATmega_DFP/1.7.374/gcc/dev/atmega4809/avrxmega3/crtatmega4809.o
 .text          0x00000000        0x0 ATMegaXX09/ATMegaXX09Clock.o
 .data          0x00000000        0x0 ATMegaXX09/ATMegaXX09Clock.o
 .bss           0x00000000        0x0 ATMegaXX09/ATMegaXX09Clock.o
 .text          0x00000000        0x0 ATMegaXX09/FIFO/FIFO.o
 .data          0x00000000        0x0 ATMegaXX09/FIFO/FIFO.o
 .bss           0x00000000        0x0 ATMegaXX09/FIFO/FIFO.o
 .text.init_FIFO
                0x00000000       0x14 ATMegaXX09/FIFO/FIFO.o
 .text          0x00000000        0x0 ATMegaXX09/Port/Port.o
 .data          0x00000000        0x0 ATMegaXX09/Port/Port.o
 .bss           0x00000000        0x0 ATMegaXX09/Port/Port.o
 .debug_line    0x00000000        0x0 ATMegaXX09/Port/Port.o
 .debug_str     0x00000000      0x10b ATMegaXX09/Port/Port.o
 .comment       0x00000000       0x31 ATMegaXX09/Port/Port.o
 .text          0x00000000        0x0 ATMegaXX09/USART/USART.o
 .data          0x00000000        0x0 ATMegaXX09/USART/USART.o
 .bss           0x00000000        0x0 ATMegaXX09/USART/USART.o
 .text.USART_DeInit
                0x00000000       0x74 ATMegaXX09/USART/USART.o
 .text.USART_RXC_Byte
                0x00000000       0xc4 ATMegaXX09/USART/USART.o
 .text.USART_TXC_Byte
                0x00000000      0x108 ATMegaXX09/USART/USART.o
 .text.USART_receive_Array
                0x00000000       0x9c ATMegaXX09/USART/USART.o
 .text.USART_set_send_Array_callback_fnc
                0x00000000       0x18 ATMegaXX09/USART/USART.o
 .text.USART_get_RXeventID
                0x00000000       0x14 ATMegaXX09/USART/USART.o
 .text.USART_get_TXeventID
                0x00000000       0x14 ATMegaXX09/USART/USART.o
 .text          0x00000000        0x0 dataprep.o
 .data          0x00000000        0x0 dataprep.o
 .bss           0x00000000        0x0 dataprep.o
 .text          0x00000000        0x0 main.o
 .data          0x00000000        0x0 main.o
 .bss           0x00000000        0x0 main.o
 .text.dataReceive
                0x00000000      0x118 main.o
 .text.init     0x00000000        0x4 main.o
 .text          0x00000000        0x0 c:/program files (x86)/atmel/studio/7.0/toolchain/avr8/avr8-gnu-toolchain/bin/../lib/gcc/avr/5.4.0/avrxmega3\libgcc.a(_udivmodsi4.o)
 .data          0x00000000        0x0 c:/program files (x86)/atmel/studio/7.0/toolchain/avr8/avr8-gnu-toolchain/bin/../lib/gcc/avr/5.4.0/avrxmega3\libgcc.a(_udivmodsi4.o)
 .bss           0x00000000        0x0 c:/program files (x86)/atmel/studio/7.0/toolchain/avr8/avr8-gnu-toolchain/bin/../lib/gcc/avr/5.4.0/avrxmega3\libgcc.a(_udivmodsi4.o)
 .text.libgcc.mul
                0x00000000        0x0 c:/program files (x86)/atmel/studio/7.0/toolchain/avr8/avr8-gnu-toolchain/bin/../lib/gcc/avr/5.4.0/avrxmega3\libgcc.a(_udivmodsi4.o)
 .text.libgcc   0x00000000        0x0 c:/program files (x86)/atmel/studio/7.0/toolchain/avr8/avr8-gnu-toolchain/bin/../lib/gcc/avr/5.4.0/avrxmega3\libgcc.a(_udivmodsi4.o)
 .text.libgcc.prologue
                0x00000000        0x0 c:/program files (x86)/atmel/studio/7.0/toolchain/avr8/avr8-gnu-toolchain/bin/../lib/gcc/avr/5.4.0/avrxmega3\libgcc.a(_udivmodsi4.o)
 .text.libgcc.builtins
                0x00000000        0x0 c:/program files (x86)/atmel/studio/7.0/toolchain/avr8/avr8-gnu-toolchain/bin/../lib/gcc/avr/5.4.0/avrxmega3\libgcc.a(_udivmodsi4.o)
 .text.libgcc.fmul
                0x00000000        0x0 c:/program files (x86)/atmel/studio/7.0/toolchain/avr8/avr8-gnu-toolchain/bin/../lib/gcc/avr/5.4.0/avrxmega3\libgcc.a(_udivmodsi4.o)
 .text.libgcc.fixed
                0x00000000        0x0 c:/program files (x86)/atmel/studio/7.0/toolchain/avr8/avr8-gnu-toolchain/bin/../lib/gcc/avr/5.4.0/avrxmega3\libgcc.a(_udivmodsi4.o)
 .text          0x00000000        0x0 c:/program files (x86)/atmel/studio/7.0/toolchain/avr8/avr8-gnu-toolchain/bin/../lib/gcc/avr/5.4.0/avrxmega3\libgcc.a(_exit.o)
 .data          0x00000000        0x0 c:/program files (x86)/atmel/studio/7.0/toolchain/avr8/avr8-gnu-toolchain/bin/../lib/gcc/avr/5.4.0/avrxmega3\libgcc.a(_exit.o)
 .bss           0x00000000        0x0 c:/program files (x86)/atmel/studio/7.0/toolchain/avr8/avr8-gnu-toolchain/bin/../lib/gcc/avr/5.4.0/avrxmega3\libgcc.a(_exit.o)
 .text.libgcc.mul
                0x00000000        0x0 c:/program files (x86)/atmel/studio/7.0/toolchain/avr8/avr8-gnu-toolchain/bin/../lib/gcc/avr/5.4.0/avrxmega3\libgcc.a(_exit.o)
 .text.libgcc.div
                0x00000000        0x0 c:/program files (x86)/atmel/studio/7.0/toolchain/avr8/avr8-gnu-toolchain/bin/../lib/gcc/avr/5.4.0/avrxmega3\libgcc.a(_exit.o)
 .text.libgcc   0x00000000        0x0 c:/program files (x86)/atmel/studio/7.0/toolchain/avr8/avr8-gnu-toolchain/bin/../lib/gcc/avr/5.4.0/avrxmega3\libgcc.a(_exit.o)
 .text.libgcc.prologue
                0x00000000        0x0 c:/program files (x86)/atmel/studio/7.0/toolchain/avr8/avr8-gnu-toolchain/bin/../lib/gcc/avr/5.4.0/avrxmega3\libgcc.a(_exit.o)
 .text.libgcc.builtins
                0x00000000        0x0 c:/program files (x86)/atmel/studio/7.0/toolchain/avr8/avr8-gnu-toolchain/bin/../lib/gcc/avr/5.4.0/avrxmega3\libgcc.a(_exit.o)
 .text.libgcc.fmul
                0x00000000        0x0 c:/program files (x86)/atmel/studio/7.0/toolchain/avr8/avr8-gnu-toolchain/bin/../lib/gcc/avr/5.4.0/avrxmega3\libgcc.a(_exit.o)
 .text.libgcc.fixed
                0x00000000        0x0 c:/program files (x86)/atmel/studio/7.0/toolchain/avr8/avr8-gnu-toolchain/bin/../lib/gcc/avr/5.4.0/avrxmega3\libgcc.a(_exit.o)
 .text          0x00000000        0x0 c:/program files (x86)/atmel/studio/7.0/toolchain/avr8/avr8-gnu-toolchain/bin/../lib/gcc/avr/5.4.0/avrxmega3\libgcc.a(_copy_data.o)
 .data          0x00000000        0x0 c:/program files (x86)/atmel/studio/7.0/toolchain/avr8/avr8-gnu-toolchain/bin/../lib/gcc/avr/5.4.0/avrxmega3\libgcc.a(_copy_data.o)
 .bss           0x00000000        0x0 c:/program files (x86)/atmel/studio/7.0/toolchain/avr8/avr8-gnu-toolchain/bin/../lib/gcc/avr/5.4.0/avrxmega3\libgcc.a(_copy_data.o)
 .text.libgcc.mul
                0x00000000        0x0 c:/program files (x86)/atmel/studio/7.0/toolchain/avr8/avr8-gnu-toolchain/bin/../lib/gcc/avr/5.4.0/avrxmega3\libgcc.a(_copy_data.o)
 .text.libgcc.div
                0x00000000        0x0 c:/program files (x86)/atmel/studio/7.0/toolchain/avr8/avr8-gnu-toolchain/bin/../lib/gcc/avr/5.4.0/avrxmega3\libgcc.a(_copy_data.o)
 .text.libgcc   0x00000000        0x0 c:/program files (x86)/atmel/studio/7.0/toolchain/avr8/avr8-gnu-toolchain/bin/../lib/gcc/avr/5.4.0/avrxmega3\libgcc.a(_copy_data.o)
 .text.libgcc.prologue
                0x00000000        0x0 c:/program files (x86)/atmel/studio/7.0/toolchain/avr8/avr8-gnu-toolchain/bin/../lib/gcc/avr/5.4.0/avrxmega3\libgcc.a(_copy_data.o)
 .text.libgcc.builtins
                0x00000000        0x0 c:/program files (x86)/atmel/studio/7.0/toolchain/avr8/avr8-gnu-toolchain/bin/../lib/gcc/avr/5.4.0/avrxmega3\libgcc.a(_copy_data.o)
 .text.libgcc.fmul
                0x00000000        0x0 c:/program files (x86)/atmel/studio/7.0/toolchain/avr8/avr8-gnu-toolchain/bin/../lib/gcc/avr/5.4.0/avrxmega3\libgcc.a(_copy_data.o)
 .text.libgcc.fixed
                0x00000000        0x0 c:/program files (x86)/atmel/studio/7.0/toolchain/avr8/avr8-gnu-toolchain/bin/../lib/gcc/avr/5.4.0/avrxmega3\libgcc.a(_copy_data.o)
 .text          0x00000000        0x0 c:/program files (x86)/atmel/studio/7.0/toolchain/avr8/avr8-gnu-toolchain/bin/../lib/gcc/avr/5.4.0/avrxmega3\libgcc.a(_clear_bss.o)
 .data          0x00000000        0x0 c:/program files (x86)/atmel/studio/7.0/toolchain/avr8/avr8-gnu-toolchain/bin/../lib/gcc/avr/5.4.0/avrxmega3\libgcc.a(_clear_bss.o)
 .bss           0x00000000        0x0 c:/program files (x86)/atmel/studio/7.0/toolchain/avr8/avr8-gnu-toolchain/bin/../lib/gcc/avr/5.4.0/avrxmega3\libgcc.a(_clear_bss.o)
 .text.libgcc.mul
                0x00000000        0x0 c:/program files (x86)/atmel/studio/7.0/toolchain/avr8/avr8-gnu-toolchain/bin/../lib/gcc/avr/5.4.0/avrxmega3\libgcc.a(_clear_bss.o)
 .text.libgcc.div
                0x00000000        0x0 c:/program files (x86)/atmel/studio/7.0/toolchain/avr8/avr8-gnu-toolchain/bin/../lib/gcc/avr/5.4.0/avrxmega3\libgcc.a(_clear_bss.o)
 .text.libgcc   0x00000000        0x0 c:/program files (x86)/atmel/studio/7.0/toolchain/avr8/avr8-gnu-toolchain/bin/../lib/gcc/avr/5.4.0/avrxmega3\libgcc.a(_clear_bss.o)
 .text.libgcc.prologue
                0x00000000        0x0 c:/program files (x86)/atmel/studio/7.0/toolchain/avr8/avr8-gnu-toolchain/bin/../lib/gcc/avr/5.4.0/avrxmega3\libgcc.a(_clear_bss.o)
 .text.libgcc.builtins
                0x00000000        0x0 c:/program files (x86)/atmel/studio/7.0/toolchain/avr8/avr8-gnu-toolchain/bin/../lib/gcc/avr/5.4.0/avrxmega3\libgcc.a(_clear_bss.o)
 .text.libgcc.fmul
                0x00000000        0x0 c:/program files (x86)/atmel/studio/7.0/toolchain/avr8/avr8-gnu-toolchain/bin/../lib/gcc/avr/5.4.0/avrxmega3\libgcc.a(_clear_bss.o)
 .text.libgcc.fixed
                0x00000000        0x0 c:/program files (x86)/atmel/studio/7.0/toolchain/avr8/avr8-gnu-toolchain/bin/../lib/gcc/avr/5.4.0/avrxmega3\libgcc.a(_clear_bss.o)
 .text          0x00000000        0x0 c:/program files (x86)/atmel/studio/7.0/toolchain/avr8/avr8-gnu-toolchain/bin/../lib/gcc/avr/5.4.0/../../../../avr/lib/avrxmega3\libc.a(malloc.o)
 .bss           0x00000000        0x0 c:/program files (x86)/atmel/studio/7.0/toolchain/avr8/avr8-gnu-toolchain/bin/../lib/gcc/avr/5.4.0/../../../../avr/lib/avrxmega3\libc.a(malloc.o)
 .text          0x00000000        0x0 c:/program files (x86)/atmel/studio/7.0/toolchain/avr8/avr8-gnu-toolchain/bin/../lib/gcc/avr/5.4.0/../../../../avr/lib/avrxmega3\libc.a(memcpy.o)
 .data          0x00000000        0x0 c:/program files (x86)/atmel/studio/7.0/toolchain/avr8/avr8-gnu-toolchain/bin/../lib/gcc/avr/5.4.0/../../../../avr/lib/avrxmega3\libc.a(memcpy.o)
 .bss           0x00000000        0x0 c:/program files (x86)/atmel/studio/7.0/toolchain/avr8/avr8-gnu-toolchain/bin/../lib/gcc/avr/5.4.0/../../../../avr/lib/avrxmega3\libc.a(memcpy.o)

Memory Configuration

Name             Origin             Length             Attributes
text             0x00000000         0x0000c000         xr
data             0x00802800         0x00001800         rw !x
eeprom           0x00810000         0x00000100         rw !x
fuse             0x00820000         0x0000000a         rw !x
lock             0x00830000         0x00000400         rw !x
signature        0x00840000         0x00000400         rw !x
user_signatures  0x00850000         0x00000400         rw !x
*default*        0x00000000         0xffffffff

Linker script and memory map

Address of section .data set to 0x802800
                0x00004000                __RODATA_PM_OFFSET__ = 0x4000
LOAD C:/Program Files (x86)/Atmel/Studio/7.0/Packs/atmel/ATmega_DFP/1.7.374/gcc/dev/atmega4809/avrxmega3/crtatmega4809.o
LOAD ATMegaXX09/ATMegaXX09Clock.o
LOAD ATMegaXX09/FIFO/FIFO.o
LOAD ATMegaXX09/Port/Port.o
LOAD ATMegaXX09/USART/USART.o
LOAD dataprep.o
LOAD main.o
START GROUP
LOAD c:/program files (x86)/atmel/studio/7.0/toolchain/avr8/avr8-gnu-toolchain/bin/../lib/gcc/avr/5.4.0/../../../../avr/lib/avrxmega3\libm.a
END GROUP
START GROUP
LOAD c:/program files (x86)/atmel/studio/7.0/toolchain/avr8/avr8-gnu-toolchain/bin/../lib/gcc/avr/5.4.0/avrxmega3\libgcc.a
LOAD c:/program files (x86)/atmel/studio/7.0/toolchain/avr8/avr8-gnu-toolchain/bin/../lib/gcc/avr/5.4.0/../../../../avr/lib/avrxmega3\libm.a
LOAD c:/program files (x86)/atmel/studio/7.0/toolchain/avr8/avr8-gnu-toolchain/bin/../lib/gcc/avr/5.4.0/../../../../avr/lib/avrxmega3\libc.a
LOAD C:/Program Files (x86)/Atmel/Studio/7.0/Packs/atmel/ATmega_DFP/1.7.374/gcc/dev/atmega4809/avrxmega3\libatmega4809.a
END GROUP
                [0x00000000]                __TEXT_REGION_ORIGIN__ = DEFINED (__TEXT_REGION_ORIGIN__)?__TEXT_REGION_ORIGIN__:0x0
                [0x00802800]                __DATA_REGION_ORIGIN__ = DEFINED (__DATA_REGION_ORIGIN__)?__DATA_REGION_ORIGIN__:0x802000
                [0x0000c000]                __TEXT_REGION_LENGTH__ = DEFINED (__TEXT_REGION_LENGTH__)?__TEXT_REGION_LENGTH__:0x100000
                [0x00001800]                __DATA_REGION_LENGTH__ = DEFINED (__DATA_REGION_LENGTH__)?__DATA_REGION_LENGTH__:0xffa0
                [0x00000100]                __EEPROM_REGION_LENGTH__ = DEFINED (__EEPROM_REGION_LENGTH__)?__EEPROM_REGION_LENGTH__:0x10000
                [0x0000000a]                __FUSE_REGION_LENGTH__ = DEFINED (__FUSE_REGION_LENGTH__)?__FUSE_REGION_LENGTH__:0x400
                0x00000400                __LOCK_REGION_LENGTH__ = DEFINED (__LOCK_REGION_LENGTH__)?__LOCK_REGION_LENGTH__:0x400
                0x00000400                __SIGNATURE_REGION_LENGTH__ = DEFINED (__SIGNATURE_REGION_LENGTH__)?__SIGNATURE_REGION_LENGTH__:0x400
                0x00000400                __USER_SIGNATURE_REGION_LENGTH__ = DEFINED (__USER_SIGNATURE_REGION_LENGTH__)?__USER_SIGNATURE_REGION_LENGTH__:0x400
                0x00008000                __RODATA_PM_OFFSET__ = DEFINED (__RODATA_PM_OFFSET__)?__RODATA_PM_OFFSET__:0x8000

.hash
 *(.hash)

.dynsym
 *(.dynsym)

.dynstr
 *(.dynstr)

.gnu.version
 *(.gnu.version)

.gnu.version_d
 *(.gnu.version_d)

.gnu.version_r
 *(.gnu.version_r)

.rel.init
 *(.rel.init)

.rela.init
 *(.rela.init)

.rel.text
 *(.rel.text)
 *(.rel.text.*)
 *(.rel.gnu.linkonce.t*)

.rela.text
 *(.rela.text)
 *(.rela.text.*)
 *(.rela.gnu.linkonce.t*)

.rel.fini
 *(.rel.fini)

.rela.fini
 *(.rela.fini)

.rel.rodata
 *(.rel.rodata)
 *(.rel.rodata.*)
 *(.rel.gnu.linkonce.r*)

.rela.rodata
 *(.rela.rodata)
 *(.rela.rodata.*)
 *(.rela.gnu.linkonce.r*)

.rel.data
 *(.rel.data)
 *(.rel.data.*)
 *(.rel.gnu.linkonce.d*)

.rela.data
 *(.rela.data)
 *(.rela.data.*)
 *(.rela.gnu.linkonce.d*)

.rel.ctors
 *(.rel.ctors)

.rela.ctors
 *(.rela.ctors)

.rel.dtors
 *(.rel.dtors)

.rela.dtors
 *(.rela.dtors)

.rel.got
 *(.rel.got)

.rela.got
 *(.rela.got)

.rel.bss
 *(.rel.bss)

.rela.bss
 *(.rela.bss)

.rel.plt
 *(.rel.plt)

.rela.plt
 *(.rela.plt)

.text           0x00000000     0x176a
 *(.vectors)
 .vectors       0x00000000       0xa0 C:/Program Files (x86)/Atmel/Studio/7.0/Packs/atmel/ATmega_DFP/1.7.374/gcc/dev/atmega4809/avrxmega3/crtatmega4809.o
                0x00000000                __vector_default
                0x00000000                __vectors
 *(.vectors)
 *(.progmem.gcc*)
                0x000000a0                . = ALIGN (0x2)
                0x000000a0                __trampolines_start = .
 *(.trampolines)
 .trampolines   0x000000a0        0x0 linker stubs
 *(.trampolines*)
                0x000000a0                __trampolines_end = .
 *libprintf_flt.a:*(.progmem.data)
 *libc.a:*(.progmem.data)
 *(.progmem*)
                0x000000a0                . = ALIGN (0x2)
 *(.jumptables)
 *(.jumptables*)
 *(.lowtext)
 *(.lowtext*)
                0x000000a0                __ctors_start = .
 *(.ctors)
                0x000000a0                __ctors_end = .
                0x000000a0                __dtors_start = .
 *(.dtors)
                0x000000a0                __dtors_end = .
 SORT(*)(.ctors)
 SORT(*)(.dtors)
 *(.init0)
 .init0         0x000000a0        0x0 C:/Program Files (x86)/Atmel/Studio/7.0/Packs/atmel/ATmega_DFP/1.7.374/gcc/dev/atmega4809/avrxmega3/crtatmega4809.o
                0x000000a0                __init
 *(.init0)
 *(.init1)
 *(.init1)
 *(.init2)
 .init2         0x000000a0        0xc C:/Program Files (x86)/Atmel/Studio/7.0/Packs/atmel/ATmega_DFP/1.7.374/gcc/dev/atmega4809/avrxmega3/crtatmega4809.o
 *(.init2)
 *(.init3)
 *(.init3)
 *(.init4)
 .init4         0x000000ac       0x16 c:/program files (x86)/atmel/studio/7.0/toolchain/avr8/avr8-gnu-toolchain/bin/../lib/gcc/avr/5.4.0/avrxmega3\libgcc.a(_copy_data.o)
                0x000000ac                __do_copy_data
 .init4         0x000000c2       0x10 c:/program files (x86)/atmel/studio/7.0/toolchain/avr8/avr8-gnu-toolchain/bin/../lib/gcc/avr/5.4.0/avrxmega3\libgcc.a(_clear_bss.o)
                0x000000c2                __do_clear_bss
 *(.init4)
 *(.init5)
 *(.init5)
 *(.init6)
 *(.init6)
 *(.init7)
 *(.init7)
 *(.init8)
 *(.init8)
 *(.init9)
 .init9         0x000000d2        0x8 C:/Program Files (x86)/Atmel/Studio/7.0/Packs/atmel/ATmega_DFP/1.7.374/gcc/dev/atmega4809/avrxmega3/crtatmega4809.o
 *(.init9)
 *(.text)
 .text          0x000000da        0x4 C:/Program Files (x86)/Atmel/Studio/7.0/Packs/atmel/ATmega_DFP/1.7.374/gcc/dev/atmega4809/avrxmega3/crtatmega4809.o
                0x000000da                __vector_38
                0x000000da                __vector_22
                0x000000da                __vector_1
                0x000000da                __vector_32
                0x000000da                __vector_34
                0x000000da                __vector_24
                0x000000da                __vector_12
                0x000000da                __bad_interrupt
                0x000000da                __vector_6
                0x000000da                __vector_35
                0x000000da                __vector_3
                0x000000da                __vector_23
                0x000000da                __vector_30
                0x000000da                __vector_25
                0x000000da                __vector_11
                0x000000da                __vector_13
                0x000000da                __vector_7
                0x000000da                __vector_27
                0x000000da                __vector_5
                0x000000da                __vector_4
                0x000000da                __vector_9
                0x000000da                __vector_2
                0x000000da                __vector_21
                0x000000da                __vector_15
                0x000000da                __vector_36
                0x000000da                __vector_29
                0x000000da                __vector_8
                0x000000da                __vector_14
                0x000000da                __vector_10
                0x000000da                __vector_16
                0x000000da                __vector_18
                0x000000da                __vector_20
                0x000000de                . = ALIGN (0x2)
 *(.text.*)
 .text.get_CPU_CLK
                0x000000de       0xb2 ATMegaXX09/ATMegaXX09Clock.o
                0x000000de                get_CPU_CLK
 .text.init_Core_CLK
                0x00000190       0x46 ATMegaXX09/ATMegaXX09Clock.o
                0x00000190                init_Core_CLK
 .text.FIFO_writebyte
                0x000001d6       0x5e ATMegaXX09/FIFO/FIFO.o
                0x000001d6                FIFO_writebyte
 .text.FIFO_readbyte
                0x00000234       0x40 ATMegaXX09/FIFO/FIFO.o
                0x00000234                FIFO_readbyte
 .text.FIFO_copy_to_lin
                0x00000274       0xb8 ATMegaXX09/FIFO/FIFO.o
                0x00000274                FIFO_copy_to_lin
 .text.FIFO_copy_from_lin
                0x0000032c       0xa2 ATMegaXX09/FIFO/FIFO.o
                0x0000032c                FIFO_copy_from_lin
 .text.FIFO_chk_for_writedata
                0x000003ce       0x30 ATMegaXX09/USART/USART.o
 .text.FIFO_diff_readdata
                0x000003fe       0x34 ATMegaXX09/USART/USART.o
 .text.FIFO_diff_writedata
                0x00000432       0x36 ATMegaXX09/USART/USART.o
 .text.__vector_17
                0x00000468       0xd8 ATMegaXX09/USART/USART.o
                0x00000468                __vector_17
 .text.__vector_19
                0x00000540      0x12e ATMegaXX09/USART/USART.o
                0x00000540                __vector_19
 .text.__vector_26
                0x0000066e       0xd8 ATMegaXX09/USART/USART.o
                0x0000066e                __vector_26
 .text.__vector_28
                0x00000746      0x12e ATMegaXX09/USART/USART.o
                0x00000746                __vector_28
 .text.__vector_31
                0x00000874       0xd8 ATMegaXX09/USART/USART.o
                0x00000874                __vector_31
 .text.__vector_33
                0x0000094c      0x12e ATMegaXX09/USART/USART.o
                0x0000094c                __vector_33
 .text.__vector_37
                0x00000a7a       0xd8 ATMegaXX09/USART/USART.o
                0x00000a7a                __vector_37
 .text.__vector_39
                0x00000b52      0x12e ATMegaXX09/USART/USART.o
                0x00000b52                __vector_39
 .text.USART_init
                0x00000c80      0x4d2 ATMegaXX09/USART/USART.o
                0x00000c80                USART_init
 .text.USART_send_Array
                0x00001152       0x9a ATMegaXX09/USART/USART.o
                0x00001152                USART_send_Array
 .text.USART_set_receive_Array_callback_fnc
                0x000011ec       0x18 ATMegaXX09/USART/USART.o
                0x000011ec                USART_set_receive_Array_callback_fnc
 .text.USART_set_Bytes_to_receive
                0x00001204        0xc ATMegaXX09/USART/USART.o
                0x00001204                USART_set_Bytes_to_receive
 .text.bytes_to_values
                0x00001210       0x16 dataprep.o
                0x00001210                bytes_to_values
 .text.round_values
                0x00001226       0x16 dataprep.o
                0x00001226                round_values
 .text.cm_to_m  0x0000123c       0x16 dataprep.o
                0x0000123c                cm_to_m
 .text.daten_empfangen
                0x00001252      0x116 main.o
                0x00001252                daten_empfangen
 .text.daten_senden
                0x00001368       0x24 main.o
                0x00001368                daten_senden
 .text.setup    0x0000138c       0xa4 main.o
                0x0000138c                setup
 .text.CRC8     0x00001430       0x34 main.o
                0x00001430                CRC8
 .text.main     0x00001464       0x6a main.o
                0x00001464                main
 .text.libgcc.div
                0x000014ce       0x44 c:/program files (x86)/atmel/studio/7.0/toolchain/avr8/avr8-gnu-toolchain/bin/../lib/gcc/avr/5.4.0/avrxmega3\libgcc.a(_udivmodsi4.o)
                0x000014ce                __udivmodsi4
 .text.avr-libc
                0x00001512      0x242 c:/program files (x86)/atmel/studio/7.0/toolchain/avr8/avr8-gnu-toolchain/bin/../lib/gcc/avr/5.4.0/../../../../avr/lib/avrxmega3\libc.a(malloc.o)
                0x00001512                malloc
                0x00001642                free
 .text.avr-libc
                0x00001754       0x12 c:/program files (x86)/atmel/studio/7.0/toolchain/avr8/avr8-gnu-toolchain/bin/../lib/gcc/avr/5.4.0/../../../../avr/lib/avrxmega3\libc.a(memcpy.o)
                0x00001754                memcpy
                0x00001766                . = ALIGN (0x2)
 *(.fini9)
 .fini9         0x00001766        0x0 c:/program files (x86)/atmel/studio/7.0/toolchain/avr8/avr8-gnu-toolchain/bin/../lib/gcc/avr/5.4.0/avrxmega3\libgcc.a(_exit.o)
                0x00001766                _exit
                0x00001766                exit
 *(.fini9)
 *(.fini8)
 *(.fini8)
 *(.fini7)
 *(.fini7)
 *(.fini6)
 *(.fini6)
 *(.fini5)
 *(.fini5)
 *(.fini4)
 *(.fini4)
 *(.fini3)
 *(.fini3)
 *(.fini2)
 *(.fini2)
 *(.fini1)
 *(.fini1)
 *(.fini0)
 .fini0         0x00001766        0x4 c:/program files (x86)/atmel/studio/7.0/toolchain/avr8/avr8-gnu-toolchain/bin/../lib/gcc/avr/5.4.0/avrxmega3\libgcc.a(_exit.o)
 *(.fini0)
                0x0000176a                _etext = .

.rodata         0x0000576a       0x35 load address 0x0000176a
 *(.rodata)
 .rodata        0x0000576a       0x1d ATMegaXX09/ATMegaXX09Clock.o
 .rodata        0x00005787       0x10 main.o
 *(.rodata*)
 .rodata.USART_handle
                0x00005797        0x8 ATMegaXX09/USART/USART.o
                0x00005797                USART_handle
 *(.gnu.linkonce.r*)

.data           0x00802800      0x11e load address 0x0000179f
                0x00802800                PROVIDE (__data_start, .)
 *(.data)
 .data          0x00802800        0x6 c:/program files (x86)/atmel/studio/7.0/toolchain/avr8/avr8-gnu-toolchain/bin/../lib/gcc/avr/5.4.0/../../../../avr/lib/avrxmega3\libc.a(malloc.o)
                0x00802800                __malloc_heap_end
                0x00802802                __malloc_heap_start
                0x00802804                __malloc_margin
 *(.data*)
 .data.USART_RX_FIFO
                0x00802806       0x8c ATMegaXX09/USART/USART.o
                0x00802806                USART_RX_FIFO
 .data.USART_TX_FIFO
                0x00802892       0x8c ATMegaXX09/USART/USART.o
                0x00802892                USART_TX_FIFO
 *(.gnu.linkonce.d*)
                0x0080291e                . = ALIGN (0x2)
                0x0080291e                _edata = .
                0x0080291e                PROVIDE (__data_end, .)

.bss            0x0080291e       0x30
                0x0080291e                PROVIDE (__bss_start, .)
 *(.bss)
 *(.bss*)
 .bss.CLK_CPU   0x0080291e        0x4 ATMegaXX09/ATMegaXX09Clock.o
                0x0080291e                CLK_CPU
 .bss.USART_receive_Array_callback
                0x00802922        0x8 ATMegaXX09/USART/USART.o
                0x00802922                USART_receive_Array_callback
 .bss.USART_send_Array_callback
                0x0080292a        0x8 ATMegaXX09/USART/USART.o
                0x0080292a                USART_send_Array_callback
 .bss.USART_adresse
                0x00802932        0x4 ATMegaXX09/USART/USART.o
                0x00802932                USART_adresse
 .bss.USART_bytes_to_receive
                0x00802936        0x4 ATMegaXX09/USART/USART.o
                0x00802936                USART_bytes_to_receive
 .bss.USART_bytes_received
                0x0080293a        0x4 ATMegaXX09/USART/USART.o
                0x0080293a                USART_bytes_received
 .bss.state     0x0080293e        0x1 main.o
                0x0080293e                state
 .bss.ack       0x0080293f        0x1 main.o
                0x0080293f                ack
 *(COMMON)
 COMMON         0x00802940        0xa main.o
                0x00802940                rounded_distances
                0x00802942                datastream
                0x00802944                filtered_data
                0x00802946                converted_distances
                0x00802948                distances
 COMMON         0x0080294a        0x4 c:/program files (x86)/atmel/studio/7.0/toolchain/avr8/avr8-gnu-toolchain/bin/../lib/gcc/avr/5.4.0/../../../../avr/lib/avrxmega3\libc.a(malloc.o)
                0x0080294a                __brkval
                0x0080294c                __flp
                0x0080294e                PROVIDE (__bss_end, .)
                0x0000179f                __data_load_start = LOADADDR (.data)
                0x000018bd                __data_load_end = (__data_load_start + SIZEOF (.data))

.noinit         0x0080294e        0x0
                [!provide]                PROVIDE (__noinit_start, .)
 *(.noinit*)
                [!provide]                PROVIDE (__noinit_end, .)
                0x0080294e                _end = .
                0x0080294e                PROVIDE (__heap_start, .)

.eeprom         0x00810000       0x20
 *(.eeprom*)
 .eeprom        0x00810000       0x20 ATMegaXX09/USART/USART.o
                0x00810000                USARTPort
                0x00810004                USARTPortTX_Set
                0x00810008                USARTPortRX_Clear
                0x0081000c                USARTPortXCK_Set
                0x00810010                USARTPortXDIR_Set
                0x00810014                USARTPortDirMask
                0x00810018                USARTRXEventID
                0x0081001c                USARTTXEventID
                0x00810020                __eeprom_end = .

.fuse
 *(.fuse)
 *(.lfuse)
 *(.hfuse)
 *(.efuse)

.lock
 *(.lock*)

.signature
 *(.signature*)

.user_signatures
 *(.user_signatures*)

.stab
 *(.stab)

.stabstr
 *(.stabstr)

.stab.excl
 *(.stab.excl)

.stab.exclstr
 *(.stab.exclstr)

.stab.index
 *(.stab.index)

.stab.indexstr
 *(.stab.indexstr)

.comment        0x00000000       0x30
 *(.comment)
 .comment       0x00000000       0x30 ATMegaXX09/ATMegaXX09Clock.o
                                 0x31 (size before relaxing)
 .comment       0x00000030       0x31 ATMegaXX09/FIFO/FIFO.o
 .comment       0x00000030       0x31 ATMegaXX09/USART/USART.o
 .comment       0x00000030       0x31 dataprep.o
 .comment       0x00000030       0x31 main.o
 .comment       0x00000030       0x31 c:/program files (x86)/atmel/studio/7.0/toolchain/avr8/avr8-gnu-toolchain/bin/../lib/gcc/avr/5.4.0/../../../../avr/lib/avrxmega3\libc.a(malloc.o)

.note.gnu.avr.deviceinfo
                0x00000000       0x40
 .note.gnu.avr.deviceinfo
                0x00000000       0x40 C:/Program Files (x86)/Atmel/Studio/7.0/Packs/atmel/ATmega_DFP/1.7.374/gcc/dev/atmega4809/avrxmega3/crtatmega4809.o

.note.gnu.build-id
 *(.note.gnu.build-id)

.debug
 *(.debug)

.line
 *(.line)

.debug_srcinfo
 *(.debug_srcinfo)

.debug_sfnames
 *(.debug_sfnames)

.debug_aranges  0x00000000      0x1b0
 *(.debug_aranges)
 .debug_aranges
                0x00000000       0x28 ATMegaXX09/ATMegaXX09Clock.o
 .debug_aranges
                0x00000028       0x40 ATMegaXX09/FIFO/FIFO.o
 .debug_aranges
                0x00000068       0xc8 ATMegaXX09/USART/USART.o
 .debug_aranges
                0x00000130       0x30 dataprep.o
 .debug_aranges
                0x00000160       0x50 main.o

.debug_pubnames
 *(.debug_pubnames)

.debug_info     0x00000000     0x58f6
 *(.debug_info .gnu.linkonce.wi.*)
 .debug_info    0x00000000     0x248a C:/Program Files (x86)/Atmel/Studio/7.0/Packs/atmel/ATmega_DFP/1.7.374/gcc/dev/atmega4809/avrxmega3/crtatmega4809.o
 .debug_info    0x0000248a      0x2dc ATMegaXX09/ATMegaXX09Clock.o
 .debug_info    0x00002766      0x48e ATMegaXX09/FIFO/FIFO.o
 .debug_info    0x00002bf4     0x2347 ATMegaXX09/USART/USART.o
 .debug_info    0x00004f3b      0x160 dataprep.o
 .debug_info    0x0000509b      0x85b main.o

.debug_abbrev   0x00000000     0x2c9b
 *(.debug_abbrev)
 .debug_abbrev  0x00000000     0x2296 C:/Program Files (x86)/Atmel/Studio/7.0/Packs/atmel/ATmega_DFP/1.7.374/gcc/dev/atmega4809/avrxmega3/crtatmega4809.o
 .debug_abbrev  0x00002296       0xeb ATMegaXX09/ATMegaXX09Clock.o
 .debug_abbrev  0x00002381      0x1d3 ATMegaXX09/FIFO/FIFO.o
 .debug_abbrev  0x00002554      0x43c ATMegaXX09/USART/USART.o
 .debug_abbrev  0x00002990       0xb5 dataprep.o
 .debug_abbrev  0x00002a45      0x256 main.o

.debug_line     0x00000000     0x15f7
 *(.debug_line .debug_line.* .debug_line_end)
 .debug_line    0x00000000      0x187 C:/Program Files (x86)/Atmel/Studio/7.0/Packs/atmel/ATmega_DFP/1.7.374/gcc/dev/atmega4809/avrxmega3/crtatmega4809.o
 .debug_line    0x00000187      0x1ad ATMegaXX09/ATMegaXX09Clock.o
 .debug_line    0x00000334      0x1d2 ATMegaXX09/FIFO/FIFO.o
 .debug_line    0x00000506      0xb1e ATMegaXX09/USART/USART.o
 .debug_line    0x00001024      0x125 dataprep.o
 .debug_line    0x00001149      0x4ae main.o

.debug_frame    0x00000000      0x73c
 *(.debug_frame)
 .debug_frame   0x00000000       0x54 ATMegaXX09/ATMegaXX09Clock.o
 .debug_frame   0x00000054       0x98 ATMegaXX09/FIFO/FIFO.o
 .debug_frame   0x000000ec      0x51c ATMegaXX09/USART/USART.o
 .debug_frame   0x00000608       0x44 dataprep.o
 .debug_frame   0x0000064c       0xf0 main.o

.debug_str      0x00000000     0x20f9
 *(.debug_str)
 .debug_str     0x00000000      0xf85 C:/Program Files (x86)/Atmel/Studio/7.0/Packs/atmel/ATmega_DFP/1.7.374/gcc/dev/atmega4809/avrxmega3/crtatmega4809.o
 .debug_str     0x00000f85      0x36e ATMegaXX09/ATMegaXX09Clock.o
                                0x3ae (size before relaxing)
 .debug_str     0x000012f3      0x1b0 ATMegaXX09/FIFO/FIFO.o
                                0x32f (size before relaxing)
 .debug_str     0x000014a3      0xa33 ATMegaXX09/USART/USART.o
                                0xd65 (size before relaxing)
 .debug_str     0x00001ed6       0x51 dataprep.o
                                0x1cd (size before relaxing)
 .debug_str     0x00001f27      0x1d2 main.o
                                0x54a (size before relaxing)

.debug_loc      0x00000000     0x28c0
 *(.debug_loc)
 .debug_loc     0x00000000      0x13e ATMegaXX09/ATMegaXX09Clock.o
 .debug_loc     0x0000013e      0x336 ATMegaXX09/FIFO/FIFO.o
 .debug_loc     0x00000474     0x1d6b ATMegaXX09/USART/USART.o
 .debug_loc     0x000021df       0xde dataprep.o
 .debug_loc     0x000022bd      0x603 main.o

.debug_macinfo
 *(.debug_macinfo)

.debug_weaknames
 *(.debug_weaknames)

.debug_funcnames
 *(.debug_funcnames)

.debug_typenames
 *(.debug_typenames)

.debug_varnames
 *(.debug_varnames)

.debug_pubtypes
 *(.debug_pubtypes)

.debug_ranges   0x00000000      0x398
 *(.debug_ranges)
 .debug_ranges  0x00000000       0x18 ATMegaXX09/ATMegaXX09Clock.o
 .debug_ranges  0x00000018       0x30 ATMegaXX09/FIFO/FIFO.o
 .debug_ranges  0x00000048      0x290 ATMegaXX09/USART/USART.o
 .debug_ranges  0x000002d8       0x20 dataprep.o
 .debug_ranges  0x000002f8       0xa0 main.o

.debug_macro
 *(.debug_macro)
OUTPUT(solution1.elf elf32-avr)
LOAD linker stubs
